
======================================================================
=====  NOTEBOOK 06 - MODELADO RIGUROSO v4 (MEJORADO)  =====
======================================================================
Log file: logs\notebook06_execution_20260310_133444.log
Metrics file: logs\notebook06_metrics_20260310_133444.json
======================================================================


======================================================================
  CARGA Y FILTRADO DE DATOS
======================================================================

Dataset cargado: 764 filas x 77 columnas

Distribucion inicial de estados:
      APROBÓ: 413 ( 54.1%)
    RETIRADO: 164 ( 21.5%)
     REPROBÓ: 141 ( 18.5%)
    SIN_NOTA:  46 (  6.0%)

----------------------------------------------------------------------
Paso 1 - Filtrar estudiantes activos (APROBÓ + REPROBÓ):
  Estudiantes activos: 554
    APROBÓ:  413
    REPROBÓ: 141

----------------------------------------------------------------------
Paso 2 - Filtrar SOLO estudiantes CON engagement:
  Estudiantes con engagement: 504
  Estudiantes sin engagement: 50
  Porcentaje removido: 9.0%

  Criterios de inclusion:
    - engagement_hasta_p1 > 0 (horas en plataforma)
    O parcial_1_visitas > 0 (visitas al contenido)
    O parcial_1_tiempo_hrs > 0 (tiempo dedicado)

  Razon de exclusion:
    - Estudiantes con cero engagement en TODOS los indicadores
    - Sus datos de comportamiento digital son incompletos

----------------------------------------------------------------------
DATOS FINALES PARA MODELADO:
  Total estudiantes: 504
  Distribucion:
    APROBÓ (target=0):  374 (74.2%)
    REPROBÓ (target=1): 130 (25.8%)
  Ratio APROBÓ:REPROBÓ: 2.88:1

----------------------------------------------------------------------
RESUMEN FILTRADO:
  Dataset original:      764 estudiantes
    - RETIRADO/SIN_NOTA: 210
    - Sin engagement:    50
  = Datos validos:       504 estudiantes (66.0%)

Estos 504 estudiantes tienen:
  - Estado academico completo (APROBÓ o REPROBÓ)
  - Datos de engagement en Bloque Neon
  - Informacion util para prediccion

======================================================================
  DEFINICIÓN DE FEATURES
======================================================================

CHECKPOINT 1 (Semana 6): 6 features
----------------------------------------------------------------------
   1. parcial_1
   2. engagement_hasta_p1
   3. parcial_1_modulos_unicos
   4. parcial_1_visitas_por_tema
   5. parcial_1_tiempo_por_visita
   6. era_encoded

CHECKPOINT 2 (Semana 11): 12 features
----------------------------------------------------------------------
   1. parcial_1
   2. parcial_2
   3. parcial_3
   4. promedio_ams
   5. promedio_quices
   6. engagement_hasta_p1
   7. parcial_1_modulos_unicos
   8. parcial_1_visitas
   9. parcial_1_temas_unicos
  10. parcial_1_visitas_por_tema
  11. parcial_1_tiempo_por_visita
  12. era_encoded

======================================================================
  PREPARACIÓN DE MATRICES X, y
======================================================================

Datos listos para CP1:
  X: 504 muestras x 6 features
  y: APROBÓ=374, REPROBÓ=130

Valores faltantes en CP2 (antes de imputar):
  promedio_quices: 179 (35.5%)
Datos listos para CP2:
  X: 504 muestras x 12 features
  y: APROBÓ=374, REPROBÓ=130

======================================================================
  DEFINICIÓN DE MODELOS E HIPERPARÁMETROS
======================================================================

MALLAS DE BÚSQUEDA POR MODELO:

>>> Logistic Regression (L1-Lasso)
  Combinaciones: 6
  Fits (5-Fold CV): 30
  Tiempo estimado: 0.2 min

>>> Logistic Regression (L2-Ridge)
  Combinaciones: 6
  Fits (5-Fold CV): 30
  Tiempo estimado: 0.2 min

>>> Decision Tree
  Combinaciones: 180
  Fits (5-Fold CV): 900
  Tiempo estimado: 7.5 min

>>> Random Forest
  Combinaciones: 72
  Fits (5-Fold CV): 360
  Tiempo estimado: 3.0 min

>>> Gradient Boosting
  Combinaciones: 162
  Fits (5-Fold CV): 810
  Tiempo estimado: 6.8 min

----------------------------------------------------------------------
TOTAL por escenario de balanceo:
  Fits: 2130
  Tiempo por balanceo: 17.8 min
  Tiempo total (3 balanceos): 53.2 min = 0.89 horas

======================================================================
  DETALLE COMPLETO: PARÁMETROS A PROBAR
======================================================================


>>>>>>>>>>>>>>>>>>>>>>>>>>>>>>>>>>>
MODELO: Logistic Regression (L1-Lasso)
>>>>>>>>>>>>>>>>>>>>>>>>>>>>>>>>>>>
Descripcion: Regresion logistica con penalizacion L1 (Lasso). Selecciona automaticamente variables relevantes.

Parametros a explorar:
  C:
    Valores: [0.001, 0.01, 0.1, 1, 10, 100]
    Cantidad: 6

Estadisticas de busqueda:
  Total combinaciones: 6
  Folds CV: 5
  Total ajustes: 30
  Tiempo estimado: 0.2 minutos

----------------------------------------------------------------------

>>>>>>>>>>>>>>>>>>>>>>>>>>>>>>>>>>>
MODELO: Logistic Regression (L2-Ridge)
>>>>>>>>>>>>>>>>>>>>>>>>>>>>>>>>>>>
Descripcion: Regresion logistica con penalizacion L2 (Ridge). Encoge coeficientes sin eliminarlos.

Parametros a explorar:
  C:
    Valores: [0.001, 0.01, 0.1, 1, 10, 100]
    Cantidad: 6

Estadisticas de busqueda:
  Total combinaciones: 6
  Folds CV: 5
  Total ajustes: 30
  Tiempo estimado: 0.2 minutos

----------------------------------------------------------------------

>>>>>>>>>>>>>>>>>>>>>>>>>>>>>>>>>>>
MODELO: Decision Tree
>>>>>>>>>>>>>>>>>>>>>>>>>>>>>>>>>>>
Descripcion: Arbol de decision con poda. Muy interpretable.

Parametros a explorar:
  max_depth:
    Valores: [3, 5, 7, 10, 15]
    Cantidad: 5

  min_samples_leaf:
    Valores: [2, 5, 10]
    Cantidad: 3

  min_samples_split:
    Valores: [5, 10]
    Cantidad: 2

  criterion:
    Valores: ['gini', 'entropy']
    Cantidad: 2

  ccp_alpha:
    Valores: [0.0, 0.005, 0.01]
    Cantidad: 3

Estadisticas de busqueda:
  Total combinaciones: 180
  Folds CV: 5
  Total ajustes: 900
  Tiempo estimado: 7.5 minutos

----------------------------------------------------------------------

>>>>>>>>>>>>>>>>>>>>>>>>>>>>>>>>>>>
MODELO: Random Forest
>>>>>>>>>>>>>>>>>>>>>>>>>>>>>>>>>>>
Descripcion: Bosque aleatorio. Robusto y eficiente.

Parametros a explorar:
  n_estimators:
    Valores: [100, 300, 500]
    Cantidad: 3

  max_depth:
    Valores: [5, 10, 15]
    Cantidad: 3

  min_samples_leaf:
    Valores: [2, 5]
    Cantidad: 2

  min_samples_split:
    Valores: [5, 10]
    Cantidad: 2

  max_features:
    Valores: ['sqrt', 'log2']
    Cantidad: 2

Estadisticas de busqueda:
  Total combinaciones: 72
  Folds CV: 5
  Total ajustes: 360
  Tiempo estimado: 3.0 minutos

----------------------------------------------------------------------

>>>>>>>>>>>>>>>>>>>>>>>>>>>>>>>>>>>
MODELO: Gradient Boosting
>>>>>>>>>>>>>>>>>>>>>>>>>>>>>>>>>>>
Descripcion: Gradient Boosting. Generalmente el mas preciso.

Parametros a explorar:
  n_estimators:
    Valores: [100, 300, 500]
    Cantidad: 3

  max_depth:
    Valores: [3, 5, 7]
    Cantidad: 3

  learning_rate:
    Valores: [0.01, 0.05, 0.1]
    Cantidad: 3

  min_samples_leaf:
    Valores: [2, 5]
    Cantidad: 2

  subsample:
    Valores: [0.7, 0.9, 1.0]
    Cantidad: 3

Estadisticas de busqueda:
  Total combinaciones: 162
  Folds CV: 5
  Total ajustes: 810
  Tiempo estimado: 6.8 minutos

----------------------------------------------------------------------


======================================================================
VALIDACIÓN PRE-EJECUCIÓN
======================================================================

Validacion de dimensiones:
  X_cp1: (504, 6) OK
  y_cp1: (504,) OK
  X_cp2: (504, 12) OK
  y_cp2: (504,) OK

No hay valores faltantes: OK

  CP1: 25.8% clase negativa (REPROBÓ) OK
  CP2: 25.8% clase negativa (REPROBÓ) OK

Todas las features estan presentes: OK

Validacion completada. Listo para ejecutar.


======================================================================
  CHECKPOINT 1 - PREDICCIÓN TEMPRANA (Semana 6)
======================================================================

Features utilizadas (6):
  - parcial_1
  - engagement_hasta_p1
  - parcial_1_modulos_unicos
  - parcial_1_visitas_por_tema
  - parcial_1_tiempo_por_visita
  - era_encoded

Datos: 504 estudiantes
Target: {0: 374, 1: 130}

======================================================================
CP1 - RONDA 1: SIN BALANCEO (Baseline)
======================================================================


----------------------------------------------------------------------
[CP1] Logistic Regression (L1-Lasso) | Balanceo: Ninguno
----------------------------------------------------------------------
Tamano de grid: 6 combinaciones x 5 folds = 30 ajustes
Datos: 504 muestras, 6 features
Distribucion de clases: {0: np.int64(374), 1: np.int64(130)}
Hora inicio: 13:34:44

Iniciando GridSearchCV...


OK Completado en 3.8s
  Mejor AUC (GridSearch): 0.8274

  Mejores hiperparametros encontrados:
                       C = 1

  Resultados de Cross-Validation (5-Fold):
    Accuracy:  0.8016 +- 0.0063
    Precision: 0.6886 +- 0.0480
    Recall:    0.4385 +- 0.0754
    F1-Score:  0.5291 +- 0.0412
    ROC-AUC:   0.8274 +- 0.0448


======================================================================
PROGRESO: [CP1] [Sin Balanceo]
  Completado: 1/5 modelos (20%)
  Tiempo transcurrido: 0.1 min
  Tiempo promedio/modelo: 4.0s
  Tiempo estimado restante: 0.3 min
  ETA: 13:35:04
======================================================================


----------------------------------------------------------------------
[CP1] Logistic Regression (L2-Ridge) | Balanceo: Ninguno
----------------------------------------------------------------------
Tamano de grid: 6 combinaciones x 5 folds = 30 ajustes
Datos: 504 muestras, 6 features
Distribucion de clases: {0: np.int64(374), 1: np.int64(130)}
Hora inicio: 13:34:48

Iniciando GridSearchCV...


OK Completado en 0.2s
  Mejor AUC (GridSearch): 0.8259

  Mejores hiperparametros encontrados:
                       C = 100

  Resultados de Cross-Validation (5-Fold):
    Accuracy:  0.8036 +- 0.0076
    Precision: 0.6924 +- 0.0533
    Recall:    0.4462 +- 0.0671
    F1-Score:  0.5370 +- 0.0328
    ROC-AUC:   0.8259 +- 0.0453


======================================================================
PROGRESO: [CP1] [Sin Balanceo]
  Completado: 2/5 modelos (40%)
  Tiempo transcurrido: 0.1 min
  Tiempo promedio/modelo: 2.2s
  Tiempo estimado restante: 0.1 min
  ETA: 13:34:55
======================================================================


----------------------------------------------------------------------
[CP1] Decision Tree | Balanceo: Ninguno
----------------------------------------------------------------------
Tamano de grid: 180 combinaciones x 5 folds = 900 ajustes
Datos: 504 muestras, 6 features
Distribucion de clases: {0: np.int64(374), 1: np.int64(130)}
Hora inicio: 13:34:48

Iniciando GridSearchCV...


OK Completado en 6.2s
  Mejor AUC (GridSearch): 0.8146

  Mejores hiperparametros encontrados:
               ccp_alpha = 0.005
               criterion = entropy
               max_depth = 3
        min_samples_leaf = 10
       min_samples_split = 5

  Resultados de Cross-Validation (5-Fold):
    Accuracy:  0.7878 +- 0.0234
    Precision: 0.7459 +- 0.1699
    Recall:    0.3385 +- 0.1794
    F1-Score:  0.4242 +- 0.1474
    ROC-AUC:   0.8146 +- 0.0325


======================================================================
PROGRESO: [CP1] [Sin Balanceo]
  Completado: 3/5 modelos (60%)
  Tiempo transcurrido: 0.2 min
  Tiempo promedio/modelo: 3.6s
  Tiempo estimado restante: 0.1 min
  ETA: 13:35:02
======================================================================


----------------------------------------------------------------------
[CP1] Random Forest | Balanceo: Ninguno
----------------------------------------------------------------------
Tamano de grid: 72 combinaciones x 5 folds = 360 ajustes
Datos: 504 muestras, 6 features
Distribucion de clases: {0: np.int64(374), 1: np.int64(130)}
Hora inicio: 13:34:55

Iniciando GridSearchCV...


OK Completado en 112.9s
  Mejor AUC (GridSearch): 0.8079

  Mejores hiperparametros encontrados:
               max_depth = 5
            max_features = sqrt
        min_samples_leaf = 2
       min_samples_split = 10
            n_estimators = 100

  Resultados de Cross-Validation (5-Fold):
    Accuracy:  0.7896 +- 0.0196
    Precision: 0.6623 +- 0.0925
    Recall:    0.4000 +- 0.0576
    F1-Score:  0.4940 +- 0.0453
    ROC-AUC:   0.8079 +- 0.0475


======================================================================
PROGRESO: [CP1] [Sin Balanceo]
  Completado: 4/5 modelos (80%)
  Tiempo transcurrido: 2.1 min
  Tiempo promedio/modelo: 31.4s
  Tiempo estimado restante: 0.5 min
  ETA: 13:37:21
======================================================================


----------------------------------------------------------------------
[CP1] Gradient Boosting | Balanceo: Ninguno
----------------------------------------------------------------------
Tamano de grid: 162 combinaciones x 5 folds = 810 ajustes
Datos: 504 muestras, 6 features
Distribucion de clases: {0: np.int64(374), 1: np.int64(130)}
Hora inicio: 13:36:49

Iniciando GridSearchCV...


OK Completado en 153.2s
  Mejor AUC (GridSearch): 0.8112

  Mejores hiperparametros encontrados:
           learning_rate = 0.01
               max_depth = 3
        min_samples_leaf = 5
            n_estimators = 100
               subsample = 0.7

  Resultados de Cross-Validation (5-Fold):
    Accuracy:  0.7838 +- 0.0263
    Precision: 0.7222 +- 0.1282
    Recall:    0.2769 +- 0.0746
    F1-Score:  0.3937 +- 0.0926
    ROC-AUC:   0.8112 +- 0.0391


======================================================================
PROGRESO: [CP1] [Sin Balanceo]
  Completado: 5/5 modelos (100%)
  Tiempo transcurrido: 4.7 min
  Tiempo promedio/modelo: 55.8s
  Tiempo estimado restante: 0.0 min
  ETA: 13:39:23
======================================================================


----------------------------------------------------------------------
Checkpoint guardado: logs\CP1_nobal_results.csv
  5 modelos registrados
  Mejor AUC: 0.8274
----------------------------------------------------------------------


======================================================================
CP1 - RONDA 2: CON SMOTE
  (Synthetic Minority Over-sampling Technique)
======================================================================


----------------------------------------------------------------------
[CP1] Logistic Regression (L1-Lasso) | Balanceo: SMOTE
----------------------------------------------------------------------
Tamano de grid: 6 combinaciones x 5 folds = 30 ajustes
Datos: 504 muestras, 6 features
Distribucion de clases: {0: np.int64(374), 1: np.int64(130)}
Hora inicio: 13:39:23

Iniciando GridSearchCV...


OK Completado en 0.4s
  Mejor AUC (GridSearch): 0.8270

  Mejores hiperparametros encontrados:
                       C = 1

  Resultados de Cross-Validation (5-Fold):
    Accuracy:  0.7540 +- 0.0390
    Precision: 0.5184 +- 0.0530
    Recall:    0.7231 +- 0.1015
    F1-Score:  0.6015 +- 0.0618
    ROC-AUC:   0.8270 +- 0.0437


======================================================================
PROGRESO: [CP1] [SMOTE]
  Completado: 1/5 modelos (20%)
  Tiempo transcurrido: 0.0 min
  Tiempo promedio/modelo: 0.5s
  Tiempo estimado restante: 0.0 min
  ETA: 13:39:26
======================================================================


----------------------------------------------------------------------
[CP1] Logistic Regression (L2-Ridge) | Balanceo: SMOTE
----------------------------------------------------------------------
Tamano de grid: 6 combinaciones x 5 folds = 30 ajustes
Datos: 504 muestras, 6 features
Distribucion de clases: {0: np.int64(374), 1: np.int64(130)}
Hora inicio: 13:39:24

Iniciando GridSearchCV...


OK Completado en 0.1s
  Mejor AUC (GridSearch): 0.8267

  Mejores hiperparametros encontrados:
                       C = 100

  Resultados de Cross-Validation (5-Fold):
    Accuracy:  0.7520 +- 0.0462
    Precision: 0.5159 +- 0.0628
    Recall:    0.7154 +- 0.1131
    F1-Score:  0.5969 +- 0.0737
    ROC-AUC:   0.8267 +- 0.0435


======================================================================
PROGRESO: [CP1] [SMOTE]
  Completado: 2/5 modelos (40%)
  Tiempo transcurrido: 0.0 min
  Tiempo promedio/modelo: 0.3s
  Tiempo estimado restante: 0.0 min
  ETA: 13:39:25
======================================================================


----------------------------------------------------------------------
[CP1] Decision Tree | Balanceo: SMOTE
----------------------------------------------------------------------
Tamano de grid: 180 combinaciones x 5 folds = 900 ajustes
Datos: 504 muestras, 6 features
Distribucion de clases: {0: np.int64(374), 1: np.int64(130)}
Hora inicio: 13:39:24

Iniciando GridSearchCV...


OK Completado en 1.3s
  Mejor AUC (GridSearch): 0.8077

  Mejores hiperparametros encontrados:
               ccp_alpha = 0.005
               criterion = gini
               max_depth = 3
        min_samples_leaf = 2
       min_samples_split = 5

  Resultados de Cross-Validation (5-Fold):
    Accuracy:  0.7718 +- 0.0428
    Precision: 0.5527 +- 0.0736
    Recall:    0.7000 +- 0.0510
    F1-Score:  0.6151 +- 0.0539
    ROC-AUC:   0.8077 +- 0.0526


======================================================================
PROGRESO: [CP1] [SMOTE]
  Completado: 3/5 modelos (60%)
  Tiempo transcurrido: 0.0 min
  Tiempo promedio/modelo: 0.6s
  Tiempo estimado restante: 0.0 min
  ETA: 13:39:26
======================================================================


----------------------------------------------------------------------
[CP1] Random Forest | Balanceo: SMOTE
----------------------------------------------------------------------
Tamano de grid: 72 combinaciones x 5 folds = 360 ajustes
Datos: 504 muestras, 6 features
Distribucion de clases: {0: np.int64(374), 1: np.int64(130)}
Hora inicio: 13:39:25

Iniciando GridSearchCV...


OK Completado en 29.5s
  Mejor AUC (GridSearch): 0.7993

  Mejores hiperparametros encontrados:
               max_depth = 5
            max_features = sqrt
        min_samples_leaf = 2
       min_samples_split = 10
            n_estimators = 100

  Resultados de Cross-Validation (5-Fold):
    Accuracy:  0.7480 +- 0.0480
    Precision: 0.5191 +- 0.0809
    Recall:    0.6692 +- 0.0576
    F1-Score:  0.5810 +- 0.0563
    ROC-AUC:   0.7993 +- 0.0584


======================================================================
PROGRESO: [CP1] [SMOTE]
  Completado: 4/5 modelos (80%)
  Tiempo transcurrido: 0.5 min
  Tiempo promedio/modelo: 8.1s
  Tiempo estimado restante: 0.1 min
  ETA: 13:40:04
======================================================================


----------------------------------------------------------------------
[CP1] Gradient Boosting | Balanceo: SMOTE
----------------------------------------------------------------------
Tamano de grid: 162 combinaciones x 5 folds = 810 ajustes
Datos: 504 muestras, 6 features
Distribucion de clases: {0: np.int64(374), 1: np.int64(130)}
Hora inicio: 13:39:56

Iniciando GridSearchCV...


OK Completado en 75.6s
  Mejor AUC (GridSearch): 0.8157

  Mejores hiperparametros encontrados:
           learning_rate = 0.01
               max_depth = 3
        min_samples_leaf = 5
            n_estimators = 100
               subsample = 0.7

  Resultados de Cross-Validation (5-Fold):
    Accuracy:  0.7678 +- 0.0417
    Precision: 0.5478 +- 0.0779
    Recall:    0.7000 +- 0.0565
    F1-Score:  0.6110 +- 0.0507
    ROC-AUC:   0.8157 +- 0.0485


======================================================================
PROGRESO: [CP1] [SMOTE]
  Completado: 5/5 modelos (100%)
  Tiempo transcurrido: 1.8 min
  Tiempo promedio/modelo: 21.7s
  Tiempo estimado restante: 0.0 min
  ETA: 13:41:12
======================================================================


----------------------------------------------------------------------
Checkpoint guardado: logs\CP1_smote_results.csv
  5 modelos registrados
  Mejor AUC: 0.8270
----------------------------------------------------------------------


======================================================================
CP1 - RONDA 3: CON SMOTEENN
  (SMOTE + Edited Nearest Neighbors)
======================================================================


----------------------------------------------------------------------
[CP1] Logistic Regression (L1-Lasso) | Balanceo: SMOTEENN
----------------------------------------------------------------------
Tamano de grid: 6 combinaciones x 5 folds = 30 ajustes
Datos: 504 muestras, 6 features
Distribucion de clases: {0: np.int64(374), 1: np.int64(130)}
Hora inicio: 13:41:12

Iniciando GridSearchCV...


OK Completado en 0.1s
  Mejor AUC (GridSearch): 0.8195

  Mejores hiperparametros encontrados:
                       C = 0.1

  Resultados de Cross-Validation (5-Fold):
    Accuracy:  0.6528 +- 0.0615
    Precision: 0.4138 +- 0.0549
    Recall:    0.8000 +- 0.0857
    F1-Score:  0.5447 +- 0.0655
    ROC-AUC:   0.8195 +- 0.0448


======================================================================
PROGRESO: [CP1] [SMOTEENN]
  Completado: 1/5 modelos (20%)
  Tiempo transcurrido: 0.0 min
  Tiempo promedio/modelo: 0.1s
  Tiempo estimado restante: 0.0 min
  ETA: 13:41:12
======================================================================


----------------------------------------------------------------------
[CP1] Logistic Regression (L2-Ridge) | Balanceo: SMOTEENN
----------------------------------------------------------------------
Tamano de grid: 6 combinaciones x 5 folds = 30 ajustes
Datos: 504 muestras, 6 features
Distribucion de clases: {0: np.int64(374), 1: np.int64(130)}
Hora inicio: 13:41:12

Iniciando GridSearchCV...


OK Completado en 0.1s
  Mejor AUC (GridSearch): 0.8196

  Mejores hiperparametros encontrados:
                       C = 0.1

  Resultados de Cross-Validation (5-Fold):
    Accuracy:  0.6607 +- 0.0552
    Precision: 0.4194 +- 0.0530
    Recall:    0.8000 +- 0.0784
    F1-Score:  0.5501 +- 0.0638
    ROC-AUC:   0.8196 +- 0.0496


======================================================================
PROGRESO: [CP1] [SMOTEENN]
  Completado: 2/5 modelos (40%)
  Tiempo transcurrido: 0.0 min
  Tiempo promedio/modelo: 0.1s
  Tiempo estimado restante: 0.0 min
  ETA: 13:41:12
======================================================================


----------------------------------------------------------------------
[CP1] Decision Tree | Balanceo: SMOTEENN
----------------------------------------------------------------------
Tamano de grid: 180 combinaciones x 5 folds = 900 ajustes
Datos: 504 muestras, 6 features
Distribucion de clases: {0: np.int64(374), 1: np.int64(130)}
Hora inicio: 13:41:12

Iniciando GridSearchCV...


OK Completado en 1.9s
  Mejor AUC (GridSearch): 0.7878

  Mejores hiperparametros encontrados:
               ccp_alpha = 0.01
               criterion = entropy
               max_depth = 7
        min_samples_leaf = 10
       min_samples_split = 5

  Resultados de Cross-Validation (5-Fold):
    Accuracy:  0.6706 +- 0.0836
    Precision: 0.4357 +- 0.0846
    Recall:    0.7846 +- 0.0625
    F1-Score:  0.5575 +- 0.0809
    ROC-AUC:   0.7878 +- 0.0840


======================================================================
PROGRESO: [CP1] [SMOTEENN]
  Completado: 3/5 modelos (60%)
  Tiempo transcurrido: 0.0 min
  Tiempo promedio/modelo: 0.7s
  Tiempo estimado restante: 0.0 min
  ETA: 13:41:15
======================================================================


----------------------------------------------------------------------
[CP1] Random Forest | Balanceo: SMOTEENN
----------------------------------------------------------------------
Tamano de grid: 72 combinaciones x 5 folds = 360 ajustes
Datos: 504 muestras, 6 features
Distribucion de clases: {0: np.int64(374), 1: np.int64(130)}
Hora inicio: 13:41:14

Iniciando GridSearchCV...


OK Completado en 26.0s
  Mejor AUC (GridSearch): 0.7875

  Mejores hiperparametros encontrados:
               max_depth = 5
            max_features = sqrt
        min_samples_leaf = 5
       min_samples_split = 5
            n_estimators = 300

  Resultados de Cross-Validation (5-Fold):
    Accuracy:  0.6846 +- 0.0711
    Precision: 0.4405 +- 0.0734
    Recall:    0.7615 +- 0.1151
    F1-Score:  0.5564 +- 0.0848
    ROC-AUC:   0.7875 +- 0.0722


======================================================================
PROGRESO: [CP1] [SMOTEENN]
  Completado: 4/5 modelos (80%)
  Tiempo transcurrido: 0.5 min
  Tiempo promedio/modelo: 7.5s
  Tiempo estimado restante: 0.1 min
  ETA: 13:41:49
======================================================================


----------------------------------------------------------------------
[CP1] Gradient Boosting | Balanceo: SMOTEENN
----------------------------------------------------------------------
Tamano de grid: 162 combinaciones x 5 folds = 810 ajustes
Datos: 504 muestras, 6 features
Distribucion de clases: {0: np.int64(374), 1: np.int64(130)}
Hora inicio: 13:41:42

Iniciando GridSearchCV...


OK Completado en 52.7s
  Mejor AUC (GridSearch): 0.7974

  Mejores hiperparametros encontrados:
           learning_rate = 0.01
               max_depth = 3
        min_samples_leaf = 5
            n_estimators = 300
               subsample = 1.0

  Resultados de Cross-Validation (5-Fold):
    Accuracy:  0.7004 +- 0.0685
    Precision: 0.4576 +- 0.0753
    Recall:    0.7615 +- 0.1015
    F1-Score:  0.5697 +- 0.0815
    ROC-AUC:   0.7974 +- 0.0695


======================================================================
PROGRESO: [CP1] [SMOTEENN]
  Completado: 5/5 modelos (100%)
  Tiempo transcurrido: 1.4 min
  Tiempo promedio/modelo: 16.8s
  Tiempo estimado restante: 0.0 min
  ETA: 13:42:36
======================================================================


----------------------------------------------------------------------
Checkpoint guardado: logs\CP1_smoteenn_results.csv
  5 modelos registrados
  Mejor AUC: 0.8196
----------------------------------------------------------------------


======================================================================
  CHECKPOINT 2 - PREDICCIÓN INTERMEDIA (Semana 11)
======================================================================

Features utilizadas (12):
  6 del CP1 + 6 nuevas

Datos: 504 estudiantes
Target: {0: 374, 1: 130}

======================================================================
CP2 - RONDA 1: SIN BALANCEO
======================================================================


----------------------------------------------------------------------
[CP2] Logistic Regression (L1-Lasso) | Balanceo: Ninguno
----------------------------------------------------------------------
Tamano de grid: 6 combinaciones x 5 folds = 30 ajustes
Datos: 504 muestras, 12 features
Distribucion de clases: {0: np.int64(374), 1: np.int64(130)}
Hora inicio: 13:42:36

Iniciando GridSearchCV...


OK Completado en 0.1s
  Mejor AUC (GridSearch): 0.9960

  Mejores hiperparametros encontrados:
                       C = 1

  Resultados de Cross-Validation (5-Fold):
    Accuracy:  0.9604 +- 0.0165
    Precision: 0.9582 +- 0.0264
    Recall:    0.8846 +- 0.0487
    F1-Score:  0.9195 +- 0.0350
    ROC-AUC:   0.9960 +- 0.0023


======================================================================
PROGRESO: [CP2] [Sin Balanceo]
  Completado: 1/5 modelos (20%)
  Tiempo transcurrido: 0.0 min
  Tiempo promedio/modelo: 0.1s
  Tiempo estimado restante: 0.0 min
  ETA: 13:42:36
======================================================================


----------------------------------------------------------------------
[CP2] Logistic Regression (L2-Ridge) | Balanceo: Ninguno
----------------------------------------------------------------------
Tamano de grid: 6 combinaciones x 5 folds = 30 ajustes
Datos: 504 muestras, 12 features
Distribucion de clases: {0: np.int64(374), 1: np.int64(130)}
Hora inicio: 13:42:36

Iniciando GridSearchCV...


OK Completado en 0.1s
  Mejor AUC (GridSearch): 0.9939

  Mejores hiperparametros encontrados:
                       C = 10

  Resultados de Cross-Validation (5-Fold):
    Accuracy:  0.9623 +- 0.0096
    Precision: 0.9519 +- 0.0291
    Recall:    0.9000 +- 0.0188
    F1-Score:  0.9250 +- 0.0190
    ROC-AUC:   0.9939 +- 0.0027


======================================================================
PROGRESO: [CP2] [Sin Balanceo]
  Completado: 2/5 modelos (40%)
  Tiempo transcurrido: 0.0 min
  Tiempo promedio/modelo: 0.1s
  Tiempo estimado restante: 0.0 min
  ETA: 13:42:36
======================================================================


----------------------------------------------------------------------
[CP2] Decision Tree | Balanceo: Ninguno
----------------------------------------------------------------------
Tamano de grid: 180 combinaciones x 5 folds = 900 ajustes
Datos: 504 muestras, 12 features
Distribucion de clases: {0: np.int64(374), 1: np.int64(130)}
Hora inicio: 13:42:36

Iniciando GridSearchCV...


OK Completado en 1.2s
  Mejor AUC (GridSearch): 0.9254

  Mejores hiperparametros encontrados:
               ccp_alpha = 0.0
               criterion = entropy
               max_depth = 3
        min_samples_leaf = 5
       min_samples_split = 5

  Resultados de Cross-Validation (5-Fold):
    Accuracy:  0.8790 +- 0.0268
    Precision: 0.7922 +- 0.0753
    Recall:    0.7308 +- 0.0730
    F1-Score:  0.7565 +- 0.0532
    ROC-AUC:   0.9254 +- 0.0334


======================================================================
PROGRESO: [CP2] [Sin Balanceo]
  Completado: 3/5 modelos (60%)
  Tiempo transcurrido: 0.0 min
  Tiempo promedio/modelo: 0.5s
  Tiempo estimado restante: 0.0 min
  ETA: 13:42:38
======================================================================


----------------------------------------------------------------------
[CP2] Random Forest | Balanceo: Ninguno
----------------------------------------------------------------------
Tamano de grid: 72 combinaciones x 5 folds = 360 ajustes
Datos: 504 muestras, 12 features
Distribucion de clases: {0: np.int64(374), 1: np.int64(130)}
Hora inicio: 13:42:37

Iniciando GridSearchCV...


OK Completado en 26.7s
  Mejor AUC (GridSearch): 0.9789

  Mejores hiperparametros encontrados:
               max_depth = 15
            max_features = sqrt
        min_samples_leaf = 2
       min_samples_split = 5
            n_estimators = 500

  Resultados de Cross-Validation (5-Fold):
    Accuracy:  0.9207 +- 0.0153
    Precision: 0.9362 +- 0.0582
    Recall:    0.7462 +- 0.0188
    F1-Score:  0.8296 +- 0.0286
    ROC-AUC:   0.9789 +- 0.0091


======================================================================
PROGRESO: [CP2] [Sin Balanceo]
  Completado: 4/5 modelos (80%)
  Tiempo transcurrido: 0.5 min
  Tiempo promedio/modelo: 7.8s
  Tiempo estimado restante: 0.1 min
  ETA: 13:43:14
======================================================================


----------------------------------------------------------------------
[CP2] Gradient Boosting | Balanceo: Ninguno
----------------------------------------------------------------------
Tamano de grid: 162 combinaciones x 5 folds = 810 ajustes
Datos: 504 muestras, 12 features
Distribucion de clases: {0: np.int64(374), 1: np.int64(130)}
Hora inicio: 13:43:07

Iniciando GridSearchCV...


OK Completado en 71.2s
  Mejor AUC (GridSearch): 0.9802

  Mejores hiperparametros encontrados:
           learning_rate = 0.1
               max_depth = 3
        min_samples_leaf = 2
            n_estimators = 300
               subsample = 0.7

  Resultados de Cross-Validation (5-Fold):
    Accuracy:  0.9246 +- 0.0047
    Precision: 0.8723 +- 0.0238
    Recall:    0.8308 +- 0.0308
    F1-Score:  0.8502 +- 0.0112
    ROC-AUC:   0.9802 +- 0.0043


======================================================================
PROGRESO: [CP2] [Sin Balanceo]
  Completado: 5/5 modelos (100%)
  Tiempo transcurrido: 1.7 min
  Tiempo promedio/modelo: 20.8s
  Tiempo estimado restante: 0.0 min
  ETA: 13:44:20
======================================================================


----------------------------------------------------------------------
Checkpoint guardado: logs\CP2_nobal_results.csv
  5 modelos registrados
  Mejor AUC: 0.9960
----------------------------------------------------------------------


======================================================================
CP2 - RONDA 2: CON SMOTE
======================================================================


----------------------------------------------------------------------
[CP2] Logistic Regression (L1-Lasso) | Balanceo: SMOTE
----------------------------------------------------------------------
Tamano de grid: 6 combinaciones x 5 folds = 30 ajustes
Datos: 504 muestras, 12 features
Distribucion de clases: {0: np.int64(374), 1: np.int64(130)}
Hora inicio: 13:44:20

Iniciando GridSearchCV...


OK Completado en 0.1s
  Mejor AUC (GridSearch): 0.9960

  Mejores hiperparametros encontrados:
                       C = 1

  Resultados de Cross-Validation (5-Fold):
    Accuracy:  0.9663 +- 0.0079
    Precision: 0.9132 +- 0.0273
    Recall:    0.9615 +- 0.0000
    F1-Score:  0.9365 +- 0.0142
    ROC-AUC:   0.9960 +- 0.0021


======================================================================
PROGRESO: [CP2] [SMOTE]
  Completado: 1/5 modelos (20%)
  Tiempo transcurrido: 0.0 min
  Tiempo promedio/modelo: 0.1s
  Tiempo estimado restante: 0.0 min
  ETA: 13:44:20
======================================================================


----------------------------------------------------------------------
[CP2] Logistic Regression (L2-Ridge) | Balanceo: SMOTE
----------------------------------------------------------------------
Tamano de grid: 6 combinaciones x 5 folds = 30 ajustes
Datos: 504 muestras, 12 features
Distribucion de clases: {0: np.int64(374), 1: np.int64(130)}
Hora inicio: 13:44:20

Iniciando GridSearchCV...


OK Completado en 0.1s
  Mejor AUC (GridSearch): 0.9940

  Mejores hiperparametros encontrados:
                       C = 10

  Resultados de Cross-Validation (5-Fold):
    Accuracy:  0.9683 +- 0.0097
    Precision: 0.9203 +- 0.0336
    Recall:    0.9615 +- 0.0000
    F1-Score:  0.9402 +- 0.0174
    ROC-AUC:   0.9940 +- 0.0024


======================================================================
PROGRESO: [CP2] [SMOTE]
  Completado: 2/5 modelos (40%)
  Tiempo transcurrido: 0.0 min
  Tiempo promedio/modelo: 0.1s
  Tiempo estimado restante: 0.0 min
  ETA: 13:44:20
======================================================================


----------------------------------------------------------------------
[CP2] Decision Tree | Balanceo: SMOTE
----------------------------------------------------------------------
Tamano de grid: 180 combinaciones x 5 folds = 900 ajustes
Datos: 504 muestras, 12 features
Distribucion de clases: {0: np.int64(374), 1: np.int64(130)}
Hora inicio: 13:44:20

Iniciando GridSearchCV...


OK Completado en 1.5s
  Mejor AUC (GridSearch): 0.9191

  Mejores hiperparametros encontrados:
               ccp_alpha = 0.01
               criterion = entropy
               max_depth = 10
        min_samples_leaf = 10
       min_samples_split = 5

  Resultados de Cross-Validation (5-Fold):
    Accuracy:  0.8828 +- 0.0327
    Precision: 0.7554 +- 0.0732
    Recall:    0.8231 +- 0.0462
    F1-Score:  0.7856 +- 0.0500
    ROC-AUC:   0.9191 +- 0.0163


======================================================================
PROGRESO: [CP2] [SMOTE]
  Completado: 3/5 modelos (60%)
  Tiempo transcurrido: 0.0 min
  Tiempo promedio/modelo: 0.6s
  Tiempo estimado restante: 0.0 min
  ETA: 13:44:23
======================================================================


----------------------------------------------------------------------
[CP2] Random Forest | Balanceo: SMOTE
----------------------------------------------------------------------
Tamano de grid: 72 combinaciones x 5 folds = 360 ajustes
Datos: 504 muestras, 12 features
Distribucion de clases: {0: np.int64(374), 1: np.int64(130)}
Hora inicio: 13:44:21

Iniciando GridSearchCV...


OK Completado en 31.0s
  Mejor AUC (GridSearch): 0.9751

  Mejores hiperparametros encontrados:
               max_depth = 10
            max_features = sqrt
        min_samples_leaf = 2
       min_samples_split = 10
            n_estimators = 300

  Resultados de Cross-Validation (5-Fold):
    Accuracy:  0.9186 +- 0.0246
    Precision: 0.8374 +- 0.0544
    Recall:    0.8538 +- 0.0615
    F1-Score:  0.8440 +- 0.0461
    ROC-AUC:   0.9751 +- 0.0076


======================================================================
PROGRESO: [CP2] [SMOTE]
  Completado: 4/5 modelos (80%)
  Tiempo transcurrido: 0.6 min
  Tiempo promedio/modelo: 8.7s
  Tiempo estimado restante: 0.1 min
  ETA: 13:45:03
======================================================================


----------------------------------------------------------------------
[CP2] Gradient Boosting | Balanceo: SMOTE
----------------------------------------------------------------------
Tamano de grid: 162 combinaciones x 5 folds = 810 ajustes
Datos: 504 muestras, 12 features
Distribucion de clases: {0: np.int64(374), 1: np.int64(130)}
Hora inicio: 13:44:55

Iniciando GridSearchCV...


OK Completado en 98.9s
  Mejor AUC (GridSearch): 0.9810

  Mejores hiperparametros encontrados:
           learning_rate = 0.1
               max_depth = 3
        min_samples_leaf = 5
            n_estimators = 300
               subsample = 0.7

  Resultados de Cross-Validation (5-Fold):
    Accuracy:  0.9246 +- 0.0172
    Precision: 0.8375 +- 0.0555
    Recall:    0.8846 +- 0.0344
    F1-Score:  0.8589 +- 0.0293
    ROC-AUC:   0.9810 +- 0.0031


======================================================================
PROGRESO: [CP2] [SMOTE]
  Completado: 5/5 modelos (100%)
  Tiempo transcurrido: 2.3 min
  Tiempo promedio/modelo: 27.3s
  Tiempo estimado restante: 0.0 min
  ETA: 13:46:36
======================================================================


----------------------------------------------------------------------
Checkpoint guardado: logs\CP2_smote_results.csv
  5 modelos registrados
  Mejor AUC: 0.9960
----------------------------------------------------------------------


======================================================================
CP2 - RONDA 3: CON SMOTEENN
======================================================================


----------------------------------------------------------------------
[CP2] Logistic Regression (L1-Lasso) | Balanceo: SMOTEENN
----------------------------------------------------------------------
Tamano de grid: 6 combinaciones x 5 folds = 30 ajustes
Datos: 504 muestras, 12 features
Distribucion de clases: {0: np.int64(374), 1: np.int64(130)}
Hora inicio: 13:46:36

Iniciando GridSearchCV...


OK Completado en 0.1s
  Mejor AUC (GridSearch): 0.9920

  Mejores hiperparametros encontrados:
                       C = 10

  Resultados de Cross-Validation (5-Fold):
    Accuracy:  0.9504 +- 0.0166
    Precision: 0.8682 +- 0.0370
    Recall:    0.9538 +- 0.0377
    F1-Score:  0.9085 +- 0.0307
    ROC-AUC:   0.9920 +- 0.0029


======================================================================
PROGRESO: [CP2] [SMOTEENN]
  Completado: 1/5 modelos (20%)
  Tiempo transcurrido: 0.0 min
  Tiempo promedio/modelo: 0.2s
  Tiempo estimado restante: 0.0 min
  ETA: 13:46:37
======================================================================


----------------------------------------------------------------------
[CP2] Logistic Regression (L2-Ridge) | Balanceo: SMOTEENN
----------------------------------------------------------------------
Tamano de grid: 6 combinaciones x 5 folds = 30 ajustes
Datos: 504 muestras, 12 features
Distribucion de clases: {0: np.int64(374), 1: np.int64(130)}
Hora inicio: 13:46:36

Iniciando GridSearchCV...


OK Completado en 0.1s
  Mejor AUC (GridSearch): 0.9911

  Mejores hiperparametros encontrados:
                       C = 100

  Resultados de Cross-Validation (5-Fold):
    Accuracy:  0.9484 +- 0.0182
    Precision: 0.8670 +- 0.0381
    Recall:    0.9462 +- 0.0392
    F1-Score:  0.9045 +- 0.0337
    ROC-AUC:   0.9911 +- 0.0027


======================================================================
PROGRESO: [CP2] [SMOTEENN]
  Completado: 2/5 modelos (40%)
  Tiempo transcurrido: 0.0 min
  Tiempo promedio/modelo: 0.2s
  Tiempo estimado restante: 0.0 min
  ETA: 13:46:37
======================================================================


----------------------------------------------------------------------
[CP2] Decision Tree | Balanceo: SMOTEENN
----------------------------------------------------------------------
Tamano de grid: 180 combinaciones x 5 folds = 900 ajustes
Datos: 504 muestras, 12 features
Distribucion de clases: {0: np.int64(374), 1: np.int64(130)}
Hora inicio: 13:46:36

Iniciando GridSearchCV...


OK Completado en 2.2s
  Mejor AUC (GridSearch): 0.9077

  Mejores hiperparametros encontrados:
               ccp_alpha = 0.0
               criterion = gini
               max_depth = 7
        min_samples_leaf = 10
       min_samples_split = 5

  Resultados de Cross-Validation (5-Fold):
    Accuracy:  0.8532 +- 0.0208
    Precision: 0.6745 +- 0.0668
    Recall:    0.8692 +- 0.0671
    F1-Score:  0.7544 +- 0.0202
    ROC-AUC:   0.9077 +- 0.0106


======================================================================
PROGRESO: [CP2] [SMOTEENN]
  Completado: 3/5 modelos (60%)
  Tiempo transcurrido: 0.0 min
  Tiempo promedio/modelo: 0.9s
  Tiempo estimado restante: 0.0 min
  ETA: 13:46:40
======================================================================


----------------------------------------------------------------------
[CP2] Random Forest | Balanceo: SMOTEENN
----------------------------------------------------------------------
Tamano de grid: 72 combinaciones x 5 folds = 360 ajustes
Datos: 504 muestras, 12 features
Distribucion de clases: {0: np.int64(374), 1: np.int64(130)}
Hora inicio: 13:46:39

Iniciando GridSearchCV...


OK Completado en 29.7s
  Mejor AUC (GridSearch): 0.9724

  Mejores hiperparametros encontrados:
               max_depth = 10
            max_features = sqrt
        min_samples_leaf = 2
       min_samples_split = 10
            n_estimators = 500

  Resultados de Cross-Validation (5-Fold):
    Accuracy:  0.9067 +- 0.0187
    Precision: 0.7847 +- 0.0589
    Recall:    0.8923 +- 0.0615
    F1-Score:  0.8319 +- 0.0306
    ROC-AUC:   0.9724 +- 0.0072


======================================================================
PROGRESO: [CP2] [SMOTEENN]
  Completado: 4/5 modelos (80%)
  Tiempo transcurrido: 0.6 min
  Tiempo promedio/modelo: 8.8s
  Tiempo estimado restante: 0.1 min
  ETA: 13:47:20
======================================================================


----------------------------------------------------------------------
[CP2] Gradient Boosting | Balanceo: SMOTEENN
----------------------------------------------------------------------
Tamano de grid: 162 combinaciones x 5 folds = 810 ajustes
Datos: 504 muestras, 12 features
Distribucion de clases: {0: np.int64(374), 1: np.int64(130)}
Hora inicio: 13:47:11

Iniciando GridSearchCV...


OK Completado en 83.3s
  Mejor AUC (GridSearch): 0.9751

  Mejores hiperparametros encontrados:
           learning_rate = 0.1
               max_depth = 3
        min_samples_leaf = 5
            n_estimators = 300
               subsample = 0.7

  Resultados de Cross-Validation (5-Fold):
    Accuracy:  0.9047 +- 0.0232
    Precision: 0.7744 +- 0.0566
    Recall:    0.9000 +- 0.0522
    F1-Score:  0.8303 +- 0.0373
    ROC-AUC:   0.9751 +- 0.0105


======================================================================
PROGRESO: [CP2] [SMOTEENN]
  Completado: 5/5 modelos (100%)
  Tiempo transcurrido: 2.0 min
  Tiempo promedio/modelo: 24.1s
  Tiempo estimado restante: 0.0 min
  ETA: 13:48:37
======================================================================


----------------------------------------------------------------------
Checkpoint guardado: logs\CP2_smoteenn_results.csv
  5 modelos registrados
  Mejor AUC: 0.9920
----------------------------------------------------------------------


======================================================================
  TABLA COMPARATIVA FINAL - TODOS LOS EXPERIMENTOS
======================================================================

RESUMEN GLOBAL (ordenada por ROC-AUC descendente):

  [CP2] Logistic Regression (L1-Lasso)      | Balance: SMOTE      | AUC=0.9960+- 0.0021 | Recall=0.9615 | F1=0.9365
  [CP2] Logistic Regression (L1-Lasso)      | Balance: Ninguno    | AUC=0.9960+- 0.0023 | Recall=0.8846 | F1=0.9195
  [CP2] Logistic Regression (L2-Ridge)      | Balance: SMOTE      | AUC=0.9940+- 0.0024 | Recall=0.9615 | F1=0.9402
  [CP2] Logistic Regression (L2-Ridge)      | Balance: Ninguno    | AUC=0.9939+- 0.0027 | Recall=0.9000 | F1=0.9250
  [CP2] Logistic Regression (L1-Lasso)      | Balance: SMOTEENN   | AUC=0.9920+- 0.0029 | Recall=0.9538 | F1=0.9085
  [CP2] Logistic Regression (L2-Ridge)      | Balance: SMOTEENN   | AUC=0.9911+- 0.0027 | Recall=0.9462 | F1=0.9045
  [CP2] Gradient Boosting                   | Balance: SMOTE      | AUC=0.9810+- 0.0031 | Recall=0.8846 | F1=0.8589
  [CP2] Gradient Boosting                   | Balance: Ninguno    | AUC=0.9802+- 0.0043 | Recall=0.8308 | F1=0.8502
  [CP2] Random Forest                       | Balance: Ninguno    | AUC=0.9789+- 0.0091 | Recall=0.7462 | F1=0.8296
  [CP2] Random Forest                       | Balance: SMOTE      | AUC=0.9751+- 0.0076 | Recall=0.8538 | F1=0.8440
  [CP2] Gradient Boosting                   | Balance: SMOTEENN   | AUC=0.9751+- 0.0105 | Recall=0.9000 | F1=0.8303
  [CP2] Random Forest                       | Balance: SMOTEENN   | AUC=0.9724+- 0.0072 | Recall=0.8923 | F1=0.8319
  [CP2] Decision Tree                       | Balance: Ninguno    | AUC=0.9254+- 0.0334 | Recall=0.7308 | F1=0.7565
  [CP2] Decision Tree                       | Balance: SMOTE      | AUC=0.9191+- 0.0163 | Recall=0.8231 | F1=0.7856
  [CP2] Decision Tree                       | Balance: SMOTEENN   | AUC=0.9077+- 0.0106 | Recall=0.8692 | F1=0.7544
  [CP1] Logistic Regression (L1-Lasso)      | Balance: Ninguno    | AUC=0.8274+- 0.0448 | Recall=0.4385 | F1=0.5291
  [CP1] Logistic Regression (L1-Lasso)      | Balance: SMOTE      | AUC=0.8270+- 0.0437 | Recall=0.7231 | F1=0.6015
  [CP1] Logistic Regression (L2-Ridge)      | Balance: SMOTE      | AUC=0.8267+- 0.0435 | Recall=0.7154 | F1=0.5969
  [CP1] Logistic Regression (L2-Ridge)      | Balance: Ninguno    | AUC=0.8259+- 0.0453 | Recall=0.4462 | F1=0.5370
  [CP1] Logistic Regression (L2-Ridge)      | Balance: SMOTEENN   | AUC=0.8196+- 0.0496 | Recall=0.8000 | F1=0.5501
  [CP1] Logistic Regression (L1-Lasso)      | Balance: SMOTEENN   | AUC=0.8195+- 0.0448 | Recall=0.8000 | F1=0.5447
  [CP1] Gradient Boosting                   | Balance: SMOTE      | AUC=0.8157+- 0.0485 | Recall=0.7000 | F1=0.6110
  [CP1] Decision Tree                       | Balance: Ninguno    | AUC=0.8146+- 0.0325 | Recall=0.3385 | F1=0.4242
  [CP1] Gradient Boosting                   | Balance: Ninguno    | AUC=0.8112+- 0.0391 | Recall=0.2769 | F1=0.3937
  [CP1] Random Forest                       | Balance: Ninguno    | AUC=0.8079+- 0.0475 | Recall=0.4000 | F1=0.4940
  [CP1] Decision Tree                       | Balance: SMOTE      | AUC=0.8077+- 0.0526 | Recall=0.7000 | F1=0.6151
  [CP1] Random Forest                       | Balance: SMOTE      | AUC=0.7993+- 0.0584 | Recall=0.6692 | F1=0.5810
  [CP1] Gradient Boosting                   | Balance: SMOTEENN   | AUC=0.7974+- 0.0695 | Recall=0.7615 | F1=0.5697
  [CP1] Decision Tree                       | Balance: SMOTEENN   | AUC=0.7878+- 0.0840 | Recall=0.7846 | F1=0.5575
  [CP1] Random Forest                       | Balance: SMOTEENN   | AUC=0.7875+- 0.0722 | Recall=0.7615 | F1=0.5564

======================================================================

MEJOR MODELO CP1 (Semana 6 - Prediccion Temprana):
    Modelo:    Logistic Regression (L1-Lasso)
    Balanceo:  Ninguno
    ROC-AUC:   0.8274 +- 0.0448
    Recall:    0.4385 +- 0.0754
    Precision: 0.6886 +- 0.0480
    F1:        0.5291 +- 0.0412
    Parametros: {'clf__C': 1}

MEJOR MODELO CP2 (Semana 11 - Prediccion Intermedia):
    Modelo:    Logistic Regression (L1-Lasso)
    Balanceo:  Ninguno
    ROC-AUC:   0.9960 +- 0.0023
    Recall:    0.8846 +- 0.0487
    Precision: 0.9582 +- 0.0264
    F1:        0.9195 +- 0.0350
    Parametros: {'clf__C': 1}

Grafico guardado: comparativa_final_auc.png
