
======================================================================
=====  NOTEBOOK 06 - MODELADO RIGUROSO v4 (MEJORADO)  =====
======================================================================
Log file: logs\notebook06_execution_20260307_123046.log
Metrics file: logs\notebook06_metrics_20260307_123046.json
======================================================================


======================================================================
  CARGA Y FILTRADO DE DATOS
======================================================================

Dataset cargado: 764 filas x 77 columnas

Distribucion inicial de estados:
      APROBÓ: 413 ( 54.1%)
    RETIRADO: 164 ( 21.5%)
     REPROBÓ: 141 ( 18.5%)
    SIN_NOTA:  46 (  6.0%)

----------------------------------------------------------------------
Paso 1 - Filtrar estudiantes activos (APROBÓ + REPROBÓ):
  Estudiantes activos: 554
    APROBÓ:  413
    REPROBÓ: 141

----------------------------------------------------------------------
Paso 2 - Filtrar SOLO estudiantes CON engagement:
  Estudiantes con engagement: 504
  Estudiantes sin engagement: 50
  Porcentaje removido: 9.0%

  Criterios de inclusion:
    - engagement_hasta_p1 > 0 (horas en plataforma)
    O parcial_1_visitas > 0 (visitas al contenido)
    O parcial_1_tiempo_hrs > 0 (tiempo dedicado)

  Razon de exclusion:
    - Estudiantes con cero engagement en TODOS los indicadores
    - Sus datos de comportamiento digital son incompletos

----------------------------------------------------------------------
DATOS FINALES PARA MODELADO:
  Total estudiantes: 504
  Distribucion:
    APROBÓ (target=0):  374 (74.2%)
    REPROBÓ (target=1): 130 (25.8%)
  Ratio APROBÓ:REPROBÓ: 2.88:1

----------------------------------------------------------------------
RESUMEN FILTRADO:
  Dataset original:      764 estudiantes
    - RETIRADO/SIN_NOTA: 210
    - Sin engagement:    50
  = Datos validos:       504 estudiantes (66.0%)

Estos 504 estudiantes tienen:
  - Estado academico completo (APROBÓ o REPROBÓ)
  - Datos de engagement en Bloque Neon
  - Informacion util para prediccion

======================================================================
  DEFINICIÓN DE FEATURES
======================================================================

CHECKPOINT 1 (Semana 6): 11 features
----------------------------------------------------------------------
   1. parcial_1
   2. am_1
   3. am_2
   4. quiz_1
   5. engagement_hasta_p1
   6. parcial_1_visitas
   7. parcial_1_temas_unicos
   8. parcial_1_modulos_unicos
   9. parcial_1_visitas_por_tema
  10. parcial_1_tiempo_por_visita
  11. era_encoded

CHECKPOINT 2 (Semana 11): 25 features
----------------------------------------------------------------------
   1. parcial_1
   2. am_1
   3. am_2
   4. quiz_1
   5. engagement_hasta_p1
   6. parcial_1_visitas
   7. parcial_1_temas_unicos
   8. parcial_1_modulos_unicos
   9. parcial_1_visitas_por_tema
  10. parcial_1_tiempo_por_visita
  11. era_encoded
  12. parcial_2
  13. am_3
  14. am_4
  15. quiz_2
  16. quiz_3
  17. promedio_quices
  18. promedio_ams
  19. engagement_hasta_p2
  20. parcial_2_visitas
  21. parcial_2_tiempo_hrs
  22. parcial_2_temas_unicos
  23. parcial_2_modulos_unicos
  24. parcial_2_visitas_por_tema
  25. parcial_2_tiempo_por_visita

======================================================================
  PREPARACIÓN DE MATRICES X, y
======================================================================

Valores faltantes en CP1 (antes de imputar):
  am_1: 179 (35.5%)
  am_2: 179 (35.5%)
  quiz_1: 179 (35.5%)
Datos listos para CP1:
  X: 504 muestras x 11 features
  y: APROBÓ=374, REPROBÓ=130

Valores faltantes en CP2 (antes de imputar):
  am_1: 179 (35.5%)
  am_2: 179 (35.5%)
  quiz_1: 179 (35.5%)
  am_3: 179 (35.5%)
  am_4: 268 (53.2%)
  quiz_2: 179 (35.5%)
  quiz_3: 179 (35.5%)
  promedio_quices: 179 (35.5%)
Datos listos para CP2:
  X: 504 muestras x 25 features
  y: APROBÓ=374, REPROBÓ=130

======================================================================
  DEFINICIÓN DE MODELOS E HIPERPARÁMETROS
======================================================================

MALLAS DE BÚSQUEDA POR MODELO:

>>> Logistic Regression (L1-Lasso)
  Combinaciones: 6
  Fits (5-Fold CV): 30
  Tiempo estimado: 0.2 min

>>> Logistic Regression (L2-Ridge)
  Combinaciones: 6
  Fits (5-Fold CV): 30
  Tiempo estimado: 0.2 min

>>> Decision Tree
  Combinaciones: 180
  Fits (5-Fold CV): 900
  Tiempo estimado: 7.5 min

>>> Random Forest
  Combinaciones: 72
  Fits (5-Fold CV): 360
  Tiempo estimado: 3.0 min

>>> Gradient Boosting
  Combinaciones: 162
  Fits (5-Fold CV): 810
  Tiempo estimado: 6.8 min

----------------------------------------------------------------------
TOTAL por escenario de balanceo:
  Fits: 2130
  Tiempo por balanceo: 17.8 min
  Tiempo total (3 balanceos): 53.2 min = 0.89 horas

======================================================================
  DETALLE COMPLETO: PARÁMETROS A PROBAR
======================================================================


>>>>>>>>>>>>>>>>>>>>>>>>>>>>>>>>>>>
MODELO: Logistic Regression (L1-Lasso)
>>>>>>>>>>>>>>>>>>>>>>>>>>>>>>>>>>>
Descripcion: Regresion logistica con penalizacion L1 (Lasso). Selecciona automaticamente variables relevantes.

Parametros a explorar:
  C:
    Valores: [0.001, 0.01, 0.1, 1, 10, 100]
    Cantidad: 6

Estadisticas de busqueda:
  Total combinaciones: 6
  Folds CV: 5
  Total ajustes: 30
  Tiempo estimado: 0.2 minutos

----------------------------------------------------------------------

>>>>>>>>>>>>>>>>>>>>>>>>>>>>>>>>>>>
MODELO: Logistic Regression (L2-Ridge)
>>>>>>>>>>>>>>>>>>>>>>>>>>>>>>>>>>>
Descripcion: Regresion logistica con penalizacion L2 (Ridge). Encoge coeficientes sin eliminarlos.

Parametros a explorar:
  C:
    Valores: [0.001, 0.01, 0.1, 1, 10, 100]
    Cantidad: 6

Estadisticas de busqueda:
  Total combinaciones: 6
  Folds CV: 5
  Total ajustes: 30
  Tiempo estimado: 0.2 minutos

----------------------------------------------------------------------

>>>>>>>>>>>>>>>>>>>>>>>>>>>>>>>>>>>
MODELO: Decision Tree
>>>>>>>>>>>>>>>>>>>>>>>>>>>>>>>>>>>
Descripcion: Arbol de decision con poda. Muy interpretable.

Parametros a explorar:
  max_depth:
    Valores: [3, 5, 7, 10, 15]
    Cantidad: 5

  min_samples_leaf:
    Valores: [2, 5, 10]
    Cantidad: 3

  min_samples_split:
    Valores: [5, 10]
    Cantidad: 2

  criterion:
    Valores: ['gini', 'entropy']
    Cantidad: 2

  ccp_alpha:
    Valores: [0.0, 0.005, 0.01]
    Cantidad: 3

Estadisticas de busqueda:
  Total combinaciones: 180
  Folds CV: 5
  Total ajustes: 900
  Tiempo estimado: 7.5 minutos

----------------------------------------------------------------------

>>>>>>>>>>>>>>>>>>>>>>>>>>>>>>>>>>>
MODELO: Random Forest
>>>>>>>>>>>>>>>>>>>>>>>>>>>>>>>>>>>
Descripcion: Bosque aleatorio. Robusto y eficiente.

Parametros a explorar:
  n_estimators:
    Valores: [100, 300, 500]
    Cantidad: 3

  max_depth:
    Valores: [5, 10, 15]
    Cantidad: 3

  min_samples_leaf:
    Valores: [2, 5]
    Cantidad: 2

  min_samples_split:
    Valores: [5, 10]
    Cantidad: 2

  max_features:
    Valores: ['sqrt', 'log2']
    Cantidad: 2

Estadisticas de busqueda:
  Total combinaciones: 72
  Folds CV: 5
  Total ajustes: 360
  Tiempo estimado: 3.0 minutos

----------------------------------------------------------------------

>>>>>>>>>>>>>>>>>>>>>>>>>>>>>>>>>>>
MODELO: Gradient Boosting
>>>>>>>>>>>>>>>>>>>>>>>>>>>>>>>>>>>
Descripcion: Gradient Boosting. Generalmente el mas preciso.

Parametros a explorar:
  n_estimators:
    Valores: [100, 300, 500]
    Cantidad: 3

  max_depth:
    Valores: [3, 5, 7]
    Cantidad: 3

  learning_rate:
    Valores: [0.01, 0.05, 0.1]
    Cantidad: 3

  min_samples_leaf:
    Valores: [2, 5]
    Cantidad: 2

  subsample:
    Valores: [0.7, 0.9, 1.0]
    Cantidad: 3

Estadisticas de busqueda:
  Total combinaciones: 162
  Folds CV: 5
  Total ajustes: 810
  Tiempo estimado: 6.8 minutos

----------------------------------------------------------------------


======================================================================
VALIDACIÓN PRE-EJECUCIÓN
======================================================================

Validacion de dimensiones:
  X_cp1: (504, 11) OK
  y_cp1: (504,) OK
  X_cp2: (504, 25) OK
  y_cp2: (504,) OK

No hay valores faltantes: OK

  CP1: 25.8% clase negativa (REPROBÓ) OK
  CP2: 25.8% clase negativa (REPROBÓ) OK

Todas las features estan presentes: OK

Validacion completada. Listo para ejecutar.


======================================================================
  CHECKPOINT 1 - PREDICCIÓN TEMPRANA (Semana 6)
======================================================================

Features utilizadas (11):
  - parcial_1
  - am_1
  - am_2
  - quiz_1
  - engagement_hasta_p1
  - parcial_1_visitas
  - parcial_1_temas_unicos
  - parcial_1_modulos_unicos
  - parcial_1_visitas_por_tema
  - parcial_1_tiempo_por_visita
  - era_encoded

Datos: 504 estudiantes
Target: {0: 374, 1: 130}

======================================================================
CP1 - RONDA 1: SIN BALANCEO (Baseline)
======================================================================


----------------------------------------------------------------------
[CP1] Logistic Regression (L1-Lasso) | Balanceo: Ninguno
----------------------------------------------------------------------
Tamano de grid: 6 combinaciones x 5 folds = 30 ajustes
Datos: 504 muestras, 11 features
Distribucion de clases: {0: np.int64(374), 1: np.int64(130)}
Hora inicio: 12:30:46

Iniciando GridSearchCV...


OK Completado en 3.1s
  Mejor AUC (GridSearch): 0.8585

  Mejores hiperparametros encontrados:
                       C = 1

  Resultados de Cross-Validation (5-Fold):
    Accuracy:  0.8155 +- 0.0388
    Precision: 0.6903 +- 0.1129
    Recall:    0.5308 +- 0.0746
    F1-Score:  0.5978 +- 0.0822
    ROC-AUC:   0.8585 +- 0.0398


======================================================================
PROGRESO: [CP1] [Sin Balanceo]
  Completado: 1/5 modelos (20%)
  Tiempo transcurrido: 0.1 min
  Tiempo promedio/modelo: 3.1s
  Tiempo estimado restante: 0.2 min
  ETA: 12:31:02
======================================================================


----------------------------------------------------------------------
[CP1] Logistic Regression (L2-Ridge) | Balanceo: Ninguno
----------------------------------------------------------------------
Tamano de grid: 6 combinaciones x 5 folds = 30 ajustes
Datos: 504 muestras, 11 features
Distribucion de clases: {0: np.int64(374), 1: np.int64(130)}
Hora inicio: 12:30:49

Iniciando GridSearchCV...


OK Completado en 0.1s
  Mejor AUC (GridSearch): 0.8579

  Mejores hiperparametros encontrados:
                       C = 1

  Resultados de Cross-Validation (5-Fold):
    Accuracy:  0.8115 +- 0.0376
    Precision: 0.6886 +- 0.1184
    Recall:    0.5077 +- 0.0821
    F1-Score:  0.5810 +- 0.0854
    ROC-AUC:   0.8579 +- 0.0409


======================================================================
PROGRESO: [CP1] [Sin Balanceo]
  Completado: 2/5 modelos (40%)
  Tiempo transcurrido: 0.1 min
  Tiempo promedio/modelo: 1.6s
  Tiempo estimado restante: 0.1 min
  ETA: 12:30:54
======================================================================


----------------------------------------------------------------------
[CP1] Decision Tree | Balanceo: Ninguno
----------------------------------------------------------------------
Tamano de grid: 180 combinaciones x 5 folds = 900 ajustes
Datos: 504 muestras, 11 features
Distribucion de clases: {0: np.int64(374), 1: np.int64(130)}
Hora inicio: 12:30:49

Iniciando GridSearchCV...


OK Completado en 0.9s
  Mejor AUC (GridSearch): 0.8047

  Mejores hiperparametros encontrados:
               ccp_alpha = 0.01
               criterion = entropy
               max_depth = 3
        min_samples_leaf = 10
       min_samples_split = 5

  Resultados de Cross-Validation (5-Fold):
    Accuracy:  0.7719 +- 0.0238
    Precision: 0.6842 +- 0.1758
    Recall:    0.2846 +- 0.1104
    F1-Score:  0.3787 +- 0.1148
    ROC-AUC:   0.8047 +- 0.0296


======================================================================
PROGRESO: [CP1] [Sin Balanceo]
  Completado: 3/5 modelos (60%)
  Tiempo transcurrido: 0.1 min
  Tiempo promedio/modelo: 1.4s
  Tiempo estimado restante: 0.0 min
  ETA: 12:30:53
======================================================================


----------------------------------------------------------------------
[CP1] Random Forest | Balanceo: Ninguno
----------------------------------------------------------------------
Tamano de grid: 72 combinaciones x 5 folds = 360 ajustes
Datos: 504 muestras, 11 features
Distribucion de clases: {0: np.int64(374), 1: np.int64(130)}
Hora inicio: 12:30:50

Iniciando GridSearchCV...


OK Completado en 17.5s
  Mejor AUC (GridSearch): 0.8373

  Mejores hiperparametros encontrados:
               max_depth = 5
            max_features = sqrt
        min_samples_leaf = 2
       min_samples_split = 10
            n_estimators = 100

  Resultados de Cross-Validation (5-Fold):
    Accuracy:  0.7897 +- 0.0236
    Precision: 0.7010 +- 0.0958
    Recall:    0.3385 +- 0.0857
    F1-Score:  0.4480 +- 0.0875
    ROC-AUC:   0.8373 +- 0.0382


======================================================================
PROGRESO: [CP1] [Sin Balanceo]
  Completado: 4/5 modelos (80%)
  Tiempo transcurrido: 0.4 min
  Tiempo promedio/modelo: 5.6s
  Tiempo estimado restante: 0.1 min
  ETA: 12:31:14
======================================================================


----------------------------------------------------------------------
[CP1] Gradient Boosting | Balanceo: Ninguno
----------------------------------------------------------------------
Tamano de grid: 162 combinaciones x 5 folds = 810 ajustes
Datos: 504 muestras, 11 features
Distribucion de clases: {0: np.int64(374), 1: np.int64(130)}
Hora inicio: 12:31:08

Iniciando GridSearchCV...


OK Completado en 55.2s
  Mejor AUC (GridSearch): 0.8394

  Mejores hiperparametros encontrados:
           learning_rate = 0.01
               max_depth = 3
        min_samples_leaf = 2
            n_estimators = 300
               subsample = 0.9

  Resultados de Cross-Validation (5-Fold):
    Accuracy:  0.8015 +- 0.0254
    Precision: 0.6675 +- 0.0797
    Recall:    0.4692 +- 0.0662
    F1-Score:  0.5484 +- 0.0604
    ROC-AUC:   0.8394 +- 0.0317


======================================================================
PROGRESO: [CP1] [Sin Balanceo]
  Completado: 5/5 modelos (100%)
  Tiempo transcurrido: 1.3 min
  Tiempo promedio/modelo: 15.8s
  Tiempo estimado restante: 0.0 min
  ETA: 12:32:05
======================================================================


----------------------------------------------------------------------
Checkpoint guardado: logs\CP1_nobal_results.csv
  5 modelos registrados
  Mejor AUC: 0.8585
----------------------------------------------------------------------


======================================================================
CP1 - RONDA 2: CON SMOTE
  (Synthetic Minority Over-sampling Technique)
======================================================================


----------------------------------------------------------------------
[CP1] Logistic Regression (L1-Lasso) | Balanceo: SMOTE
----------------------------------------------------------------------
Tamano de grid: 6 combinaciones x 5 folds = 30 ajustes
Datos: 504 muestras, 11 features
Distribucion de clases: {0: np.int64(374), 1: np.int64(130)}
Hora inicio: 12:32:05

Iniciando GridSearchCV...


OK Completado en 0.4s
  Mejor AUC (GridSearch): 0.8593

  Mejores hiperparametros encontrados:
                       C = 1

  Resultados de Cross-Validation (5-Fold):
    Accuracy:  0.7699 +- 0.0489
    Precision: 0.5427 +- 0.0725
    Recall:    0.7385 +- 0.0955
    F1-Score:  0.6238 +- 0.0755
    ROC-AUC:   0.8593 +- 0.0361


======================================================================
PROGRESO: [CP1] [SMOTE]
  Completado: 1/5 modelos (20%)
  Tiempo transcurrido: 0.0 min
  Tiempo promedio/modelo: 0.5s
  Tiempo estimado restante: 0.0 min
  ETA: 12:32:08
======================================================================


----------------------------------------------------------------------
[CP1] Logistic Regression (L2-Ridge) | Balanceo: SMOTE
----------------------------------------------------------------------
Tamano de grid: 6 combinaciones x 5 folds = 30 ajustes
Datos: 504 muestras, 11 features
Distribucion de clases: {0: np.int64(374), 1: np.int64(130)}
Hora inicio: 12:32:06

Iniciando GridSearchCV...


OK Completado en 0.1s
  Mejor AUC (GridSearch): 0.8602

  Mejores hiperparametros encontrados:
                       C = 1

  Resultados de Cross-Validation (5-Fold):
    Accuracy:  0.7719 +- 0.0471
    Precision: 0.5451 +- 0.0704
    Recall:    0.7462 +- 0.0991
    F1-Score:  0.6279 +- 0.0739
    ROC-AUC:   0.8602 +- 0.0375


======================================================================
PROGRESO: [CP1] [SMOTE]
  Completado: 2/5 modelos (40%)
  Tiempo transcurrido: 0.0 min
  Tiempo promedio/modelo: 0.3s
  Tiempo estimado restante: 0.0 min
  ETA: 12:32:07
======================================================================


----------------------------------------------------------------------
[CP1] Decision Tree | Balanceo: SMOTE
----------------------------------------------------------------------
Tamano de grid: 180 combinaciones x 5 folds = 900 ajustes
Datos: 504 muestras, 11 features
Distribucion de clases: {0: np.int64(374), 1: np.int64(130)}
Hora inicio: 12:32:06

Iniciando GridSearchCV...


OK Completado en 1.3s
  Mejor AUC (GridSearch): 0.8075

  Mejores hiperparametros encontrados:
               ccp_alpha = 0.0
               criterion = entropy
               max_depth = 3
        min_samples_leaf = 2
       min_samples_split = 5

  Resultados de Cross-Validation (5-Fold):
    Accuracy:  0.7224 +- 0.0684
    Precision: 0.4962 +- 0.0842
    Recall:    0.7692 +- 0.0877
    F1-Score:  0.5938 +- 0.0461
    ROC-AUC:   0.8075 +- 0.0425


======================================================================
PROGRESO: [CP1] [SMOTE]
  Completado: 3/5 modelos (60%)
  Tiempo transcurrido: 0.0 min
  Tiempo promedio/modelo: 0.6s
  Tiempo estimado restante: 0.0 min
  ETA: 12:32:08
======================================================================


----------------------------------------------------------------------
[CP1] Random Forest | Balanceo: SMOTE
----------------------------------------------------------------------
Tamano de grid: 72 combinaciones x 5 folds = 360 ajustes
Datos: 504 muestras, 11 features
Distribucion de clases: {0: np.int64(374), 1: np.int64(130)}
Hora inicio: 12:32:07

Iniciando GridSearchCV...


OK Completado en 28.3s
  Mejor AUC (GridSearch): 0.8306

  Mejores hiperparametros encontrados:
               max_depth = 5
            max_features = sqrt
        min_samples_leaf = 2
       min_samples_split = 5
            n_estimators = 100

  Resultados de Cross-Validation (5-Fold):
    Accuracy:  0.7519 +- 0.0438
    Precision: 0.5200 +- 0.0702
    Recall:    0.6615 +- 0.0510
    F1-Score:  0.5811 +- 0.0599
    ROC-AUC:   0.8306 +- 0.0400


======================================================================
PROGRESO: [CP1] [SMOTE]
  Completado: 4/5 modelos (80%)
  Tiempo transcurrido: 0.5 min
  Tiempo promedio/modelo: 7.7s
  Tiempo estimado restante: 0.1 min
  ETA: 12:32:44
======================================================================


----------------------------------------------------------------------
[CP1] Gradient Boosting | Balanceo: SMOTE
----------------------------------------------------------------------
Tamano de grid: 162 combinaciones x 5 folds = 810 ajustes
Datos: 504 muestras, 11 features
Distribucion de clases: {0: np.int64(374), 1: np.int64(130)}
Hora inicio: 12:32:36

Iniciando GridSearchCV...


OK Completado en 84.7s
  Mejor AUC (GridSearch): 0.8332

  Mejores hiperparametros encontrados:
           learning_rate = 0.01
               max_depth = 3
        min_samples_leaf = 2
            n_estimators = 300
               subsample = 0.7

  Resultados de Cross-Validation (5-Fold):
    Accuracy:  0.7719 +- 0.0352
    Precision: 0.5540 +- 0.0625
    Recall:    0.6615 +- 0.0662
    F1-Score:  0.6001 +- 0.0476
    ROC-AUC:   0.8332 +- 0.0428


======================================================================
PROGRESO: [CP1] [SMOTE]
  Completado: 5/5 modelos (100%)
  Tiempo transcurrido: 2.0 min
  Tiempo promedio/modelo: 23.5s
  Tiempo estimado restante: 0.0 min
  ETA: 12:34:03
======================================================================


----------------------------------------------------------------------
Checkpoint guardado: logs\CP1_smote_results.csv
  5 modelos registrados
  Mejor AUC: 0.8602
----------------------------------------------------------------------


======================================================================
CP1 - RONDA 3: CON SMOTEENN
  (SMOTE + Edited Nearest Neighbors)
======================================================================


----------------------------------------------------------------------
[CP1] Logistic Regression (L1-Lasso) | Balanceo: SMOTEENN
----------------------------------------------------------------------
Tamano de grid: 6 combinaciones x 5 folds = 30 ajustes
Datos: 504 muestras, 11 features
Distribucion de clases: {0: np.int64(374), 1: np.int64(130)}
Hora inicio: 12:34:03

Iniciando GridSearchCV...


OK Completado en 0.1s
  Mejor AUC (GridSearch): 0.8564

  Mejores hiperparametros encontrados:
                       C = 1

  Resultados de Cross-Validation (5-Fold):
    Accuracy:  0.7361 +- 0.0390
    Precision: 0.4934 +- 0.0448
    Recall:    0.8231 +- 0.0929
    F1-Score:  0.6161 +- 0.0574
    ROC-AUC:   0.8564 +- 0.0312


======================================================================
PROGRESO: [CP1] [SMOTEENN]
  Completado: 1/5 modelos (20%)
  Tiempo transcurrido: 0.0 min
  Tiempo promedio/modelo: 0.2s
  Tiempo estimado restante: 0.0 min
  ETA: 12:34:04
======================================================================


----------------------------------------------------------------------
[CP1] Logistic Regression (L2-Ridge) | Balanceo: SMOTEENN
----------------------------------------------------------------------
Tamano de grid: 6 combinaciones x 5 folds = 30 ajustes
Datos: 504 muestras, 11 features
Distribucion de clases: {0: np.int64(374), 1: np.int64(130)}
Hora inicio: 12:34:03

Iniciando GridSearchCV...


OK Completado en 0.1s
  Mejor AUC (GridSearch): 0.8555

  Mejores hiperparametros encontrados:
                       C = 100

  Resultados de Cross-Validation (5-Fold):
    Accuracy:  0.7500 +- 0.0481
    Precision: 0.5113 +- 0.0589
    Recall:    0.8462 +- 0.1003
    F1-Score:  0.6360 +- 0.0668
    ROC-AUC:   0.8555 +- 0.0347


======================================================================
PROGRESO: [CP1] [SMOTEENN]
  Completado: 2/5 modelos (40%)
  Tiempo transcurrido: 0.0 min
  Tiempo promedio/modelo: 0.2s
  Tiempo estimado restante: 0.0 min
  ETA: 12:34:04
======================================================================


----------------------------------------------------------------------
[CP1] Decision Tree | Balanceo: SMOTEENN
----------------------------------------------------------------------
Tamano de grid: 180 combinaciones x 5 folds = 900 ajustes
Datos: 504 muestras, 11 features
Distribucion de clases: {0: np.int64(374), 1: np.int64(130)}
Hora inicio: 12:34:03

Iniciando GridSearchCV...


OK Completado en 1.7s
  Mejor AUC (GridSearch): 0.8045

  Mejores hiperparametros encontrados:
               ccp_alpha = 0.005
               criterion = gini
               max_depth = 5
        min_samples_leaf = 10
       min_samples_split = 5

  Resultados de Cross-Validation (5-Fold):
    Accuracy:  0.7243 +- 0.0437
    Precision: 0.4776 +- 0.0556
    Recall:    0.7692 +- 0.1240
    F1-Score:  0.5880 +- 0.0739
    ROC-AUC:   0.8045 +- 0.0716


======================================================================
PROGRESO: [CP1] [SMOTEENN]
  Completado: 3/5 modelos (60%)
  Tiempo transcurrido: 0.0 min
  Tiempo promedio/modelo: 0.7s
  Tiempo estimado restante: 0.0 min
  ETA: 12:34:06
======================================================================


----------------------------------------------------------------------
[CP1] Random Forest | Balanceo: SMOTEENN
----------------------------------------------------------------------
Tamano de grid: 72 combinaciones x 5 folds = 360 ajustes
Datos: 504 muestras, 11 features
Distribucion de clases: {0: np.int64(374), 1: np.int64(130)}
Hora inicio: 12:34:05

Iniciando GridSearchCV...


OK Completado en 24.5s
  Mejor AUC (GridSearch): 0.8328

  Mejores hiperparametros encontrados:
               max_depth = 10
            max_features = sqrt
        min_samples_leaf = 5
       min_samples_split = 5
            n_estimators = 300

  Resultados de Cross-Validation (5-Fold):
    Accuracy:  0.7341 +- 0.0465
    Precision: 0.4904 +- 0.0597
    Recall:    0.7615 +- 0.1043
    F1-Score:  0.5956 +- 0.0735
    ROC-AUC:   0.8328 +- 0.0494


======================================================================
PROGRESO: [CP1] [SMOTEENN]
  Completado: 4/5 modelos (80%)
  Tiempo transcurrido: 0.5 min
  Tiempo promedio/modelo: 7.0s
  Tiempo estimado restante: 0.1 min
  ETA: 12:34:38
======================================================================


----------------------------------------------------------------------
[CP1] Gradient Boosting | Balanceo: SMOTEENN
----------------------------------------------------------------------
Tamano de grid: 162 combinaciones x 5 folds = 810 ajustes
Datos: 504 muestras, 11 features
Distribucion de clases: {0: np.int64(374), 1: np.int64(130)}
Hora inicio: 12:34:31

Iniciando GridSearchCV...


OK Completado en 61.0s
  Mejor AUC (GridSearch): 0.8305

  Mejores hiperparametros encontrados:
           learning_rate = 0.1
               max_depth = 5
        min_samples_leaf = 2
            n_estimators = 100
               subsample = 0.7

  Resultados de Cross-Validation (5-Fold):
    Accuracy:  0.7421 +- 0.0183
    Precision: 0.5001 +- 0.0225
    Recall:    0.7692 +- 0.0807
    F1-Score:  0.6047 +- 0.0370
    ROC-AUC:   0.8305 +- 0.0304


======================================================================
PROGRESO: [CP1] [SMOTEENN]
  Completado: 5/5 modelos (100%)
  Tiempo transcurrido: 1.5 min
  Tiempo promedio/modelo: 18.0s
  Tiempo estimado restante: 0.0 min
  ETA: 12:35:33
======================================================================


----------------------------------------------------------------------
Checkpoint guardado: logs\CP1_smoteenn_results.csv
  5 modelos registrados
  Mejor AUC: 0.8564
----------------------------------------------------------------------


======================================================================
  CHECKPOINT 2 - PREDICCIÓN INTERMEDIA (Semana 11)
======================================================================

Features utilizadas (25):
  11 del CP1 + 14 nuevas

Datos: 504 estudiantes
Target: {0: 374, 1: 130}

======================================================================
CP2 - RONDA 1: SIN BALANCEO
======================================================================


----------------------------------------------------------------------
[CP2] Logistic Regression (L1-Lasso) | Balanceo: Ninguno
----------------------------------------------------------------------
Tamano de grid: 6 combinaciones x 5 folds = 30 ajustes
Datos: 504 muestras, 25 features
Distribucion de clases: {0: np.int64(374), 1: np.int64(130)}
Hora inicio: 12:41:10

Iniciando GridSearchCV...


OK Completado en 3.2s
  Mejor AUC (GridSearch): 0.9596

  Mejores hiperparametros encontrados:
                       C = 1

  Resultados de Cross-Validation (5-Fold):
    Accuracy:  0.9087 +- 0.0276
    Precision: 0.8443 +- 0.0760
    Recall:    0.8000 +- 0.0288
    F1-Score:  0.8204 +- 0.0478
    ROC-AUC:   0.9596 +- 0.0195


======================================================================
PROGRESO: [CP2] [Sin Balanceo]
  Completado: 1/5 modelos (20%)
  Tiempo transcurrido: 0.1 min
  Tiempo promedio/modelo: 3.2s
  Tiempo estimado restante: 0.2 min
  ETA: 12:41:26
======================================================================


----------------------------------------------------------------------
[CP2] Logistic Regression (L2-Ridge) | Balanceo: Ninguno
----------------------------------------------------------------------
Tamano de grid: 6 combinaciones x 5 folds = 30 ajustes
Datos: 504 muestras, 25 features
Distribucion de clases: {0: np.int64(374), 1: np.int64(130)}
Hora inicio: 12:41:13

Iniciando GridSearchCV...


OK Completado en 0.1s
  Mejor AUC (GridSearch): 0.9534

  Mejores hiperparametros encontrados:
                       C = 1

  Resultados de Cross-Validation (5-Fold):
    Accuracy:  0.8968 +- 0.0349
    Precision: 0.8270 +- 0.0910
    Recall:    0.7692 +- 0.0487
    F1-Score:  0.7954 +- 0.0622
    ROC-AUC:   0.9534 +- 0.0212


======================================================================
PROGRESO: [CP2] [Sin Balanceo]
  Completado: 2/5 modelos (40%)
  Tiempo transcurrido: 0.1 min
  Tiempo promedio/modelo: 1.7s
  Tiempo estimado restante: 0.1 min
  ETA: 12:41:18
======================================================================


----------------------------------------------------------------------
[CP2] Decision Tree | Balanceo: Ninguno
----------------------------------------------------------------------
Tamano de grid: 180 combinaciones x 5 folds = 900 ajustes
Datos: 504 muestras, 25 features
Distribucion de clases: {0: np.int64(374), 1: np.int64(130)}
Hora inicio: 12:41:13

Iniciando GridSearchCV...


OK Completado en 1.1s
  Mejor AUC (GridSearch): 0.8974

  Mejores hiperparametros encontrados:
               ccp_alpha = 0.0
               criterion = gini
               max_depth = 3
        min_samples_leaf = 10
       min_samples_split = 5

  Resultados de Cross-Validation (5-Fold):
    Accuracy:  0.8571 +- 0.0335
    Precision: 0.7008 +- 0.0451
    Recall:    0.7769 +- 0.1202
    F1-Score:  0.7338 +- 0.0690
    ROC-AUC:   0.8974 +- 0.0399


======================================================================
PROGRESO: [CP2] [Sin Balanceo]
  Completado: 3/5 modelos (60%)
  Tiempo transcurrido: 0.1 min
  Tiempo promedio/modelo: 1.5s
  Tiempo estimado restante: 0.0 min
  ETA: 12:41:17
======================================================================


----------------------------------------------------------------------
[CP2] Random Forest | Balanceo: Ninguno
----------------------------------------------------------------------
Tamano de grid: 72 combinaciones x 5 folds = 360 ajustes
Datos: 504 muestras, 25 features
Distribucion de clases: {0: np.int64(374), 1: np.int64(130)}
Hora inicio: 12:41:14

Iniciando GridSearchCV...


OK Completado en 106.2s
  Mejor AUC (GridSearch): 0.9421

  Mejores hiperparametros encontrados:
               max_depth = 5
            max_features = log2
        min_samples_leaf = 2
       min_samples_split = 5
            n_estimators = 300

  Resultados de Cross-Validation (5-Fold):
    Accuracy:  0.8670 +- 0.0243
    Precision: 0.9195 +- 0.0604
    Recall:    0.5308 +- 0.0662
    F1-Score:  0.6716 +- 0.0643
    ROC-AUC:   0.9421 +- 0.0298


======================================================================
PROGRESO: [CP2] [Sin Balanceo]
  Completado: 4/5 modelos (80%)
  Tiempo transcurrido: 1.9 min
  Tiempo promedio/modelo: 28.7s
  Tiempo estimado restante: 0.5 min
  ETA: 12:43:33
======================================================================


----------------------------------------------------------------------
[CP2] Gradient Boosting | Balanceo: Ninguno
----------------------------------------------------------------------
Tamano de grid: 162 combinaciones x 5 folds = 810 ajustes
Datos: 504 muestras, 25 features
Distribucion de clases: {0: np.int64(374), 1: np.int64(130)}
Hora inicio: 12:43:05

Iniciando GridSearchCV...


OK Completado en 197.3s
  Mejor AUC (GridSearch): 0.9394

  Mejores hiperparametros encontrados:
           learning_rate = 0.1
               max_depth = 3
        min_samples_leaf = 2
            n_estimators = 100
               subsample = 0.7

  Resultados de Cross-Validation (5-Fold):
    Accuracy:  0.8790 +- 0.0147
    Precision: 0.7985 +- 0.0536
    Recall:    0.7154 +- 0.0308
    F1-Score:  0.7533 +- 0.0259
    ROC-AUC:   0.9394 +- 0.0215


======================================================================
PROGRESO: [CP2] [Sin Balanceo]
  Completado: 5/5 modelos (100%)
  Tiempo transcurrido: 5.2 min
  Tiempo promedio/modelo: 62.6s
  Tiempo estimado restante: 0.0 min
  ETA: 12:46:23
======================================================================


----------------------------------------------------------------------
Checkpoint guardado: logs\CP2_nobal_results.csv
  5 modelos registrados
  Mejor AUC: 0.9596
----------------------------------------------------------------------


======================================================================
CP2 - RONDA 2: CON SMOTE
======================================================================


----------------------------------------------------------------------
[CP2] Logistic Regression (L1-Lasso) | Balanceo: SMOTE
----------------------------------------------------------------------
Tamano de grid: 6 combinaciones x 5 folds = 30 ajustes
Datos: 504 muestras, 25 features
Distribucion de clases: {0: np.int64(374), 1: np.int64(130)}
Hora inicio: 12:46:23

Iniciando GridSearchCV...


OK Completado en 2.2s
  Mejor AUC (GridSearch): 0.9592

  Mejores hiperparametros encontrados:
                       C = 1

  Resultados de Cross-Validation (5-Fold):
    Accuracy:  0.8968 +- 0.0348
    Precision: 0.7721 +- 0.0756
    Recall:    0.8615 +- 0.0308
    F1-Score:  0.8135 +- 0.0559
    ROC-AUC:   0.9592 +- 0.0193


======================================================================
PROGRESO: [CP2] [SMOTE]
  Completado: 1/5 modelos (20%)
  Tiempo transcurrido: 0.0 min
  Tiempo promedio/modelo: 2.3s
  Tiempo estimado restante: 0.2 min
  ETA: 12:46:34
======================================================================


----------------------------------------------------------------------
[CP2] Logistic Regression (L2-Ridge) | Balanceo: SMOTE
----------------------------------------------------------------------
Tamano de grid: 6 combinaciones x 5 folds = 30 ajustes
Datos: 504 muestras, 25 features
Distribucion de clases: {0: np.int64(374), 1: np.int64(130)}
Hora inicio: 12:46:25

Iniciando GridSearchCV...


OK Completado en 0.1s
  Mejor AUC (GridSearch): 0.9537

  Mejores hiperparametros encontrados:
                       C = 1

  Resultados de Cross-Validation (5-Fold):
    Accuracy:  0.8830 +- 0.0327
    Precision: 0.7445 +- 0.0645
    Recall:    0.8385 +- 0.0377
    F1-Score:  0.7883 +- 0.0533
    ROC-AUC:   0.9537 +- 0.0217


======================================================================
PROGRESO: [CP2] [SMOTE]
  Completado: 2/5 modelos (40%)
  Tiempo transcurrido: 0.0 min
  Tiempo promedio/modelo: 1.2s
  Tiempo estimado restante: 0.1 min
  ETA: 12:46:29
======================================================================


----------------------------------------------------------------------
[CP2] Decision Tree | Balanceo: SMOTE
----------------------------------------------------------------------
Tamano de grid: 180 combinaciones x 5 folds = 900 ajustes
Datos: 504 muestras, 25 features
Distribucion de clases: {0: np.int64(374), 1: np.int64(130)}
Hora inicio: 12:46:25

Iniciando GridSearchCV...


OK Completado en 1.5s
  Mejor AUC (GridSearch): 0.8784

  Mejores hiperparametros encontrados:
               ccp_alpha = 0.0
               criterion = entropy
               max_depth = 3
        min_samples_leaf = 10
       min_samples_split = 5

  Resultados de Cross-Validation (5-Fold):
    Accuracy:  0.8095 +- 0.0578
    Precision: 0.6125 +- 0.0960
    Recall:    0.8077 +- 0.0877
    F1-Score:  0.6899 +- 0.0718
    ROC-AUC:   0.8784 +- 0.0449


======================================================================
PROGRESO: [CP2] [SMOTE]
  Completado: 3/5 modelos (60%)
  Tiempo transcurrido: 0.1 min
  Tiempo promedio/modelo: 1.4s
  Tiempo estimado restante: 0.0 min
  ETA: 12:46:30
======================================================================


----------------------------------------------------------------------
[CP2] Random Forest | Balanceo: SMOTE
----------------------------------------------------------------------
Tamano de grid: 72 combinaciones x 5 folds = 360 ajustes
Datos: 504 muestras, 25 features
Distribucion de clases: {0: np.int64(374), 1: np.int64(130)}
Hora inicio: 12:46:27

Iniciando GridSearchCV...


OK Completado en 31.4s
  Mejor AUC (GridSearch): 0.9443

  Mejores hiperparametros encontrados:
               max_depth = 10
            max_features = sqrt
        min_samples_leaf = 5
       min_samples_split = 5
            n_estimators = 500

  Resultados de Cross-Validation (5-Fold):
    Accuracy:  0.8769 +- 0.0360
    Precision: 0.7520 +- 0.0553
    Recall:    0.7769 +- 0.0955
    F1-Score:  0.7634 +- 0.0714
    ROC-AUC:   0.9443 +- 0.0286


======================================================================
PROGRESO: [CP2] [SMOTE]
  Completado: 4/5 modelos (80%)
  Tiempo transcurrido: 0.6 min
  Tiempo promedio/modelo: 9.6s
  Tiempo estimado restante: 0.2 min
  ETA: 12:47:11
======================================================================


----------------------------------------------------------------------
[CP2] Gradient Boosting | Balanceo: SMOTE
----------------------------------------------------------------------
Tamano de grid: 162 combinaciones x 5 folds = 810 ajustes
Datos: 504 muestras, 25 features
Distribucion de clases: {0: np.int64(374), 1: np.int64(130)}
Hora inicio: 12:47:01

Iniciando GridSearchCV...


OK Completado en 199.0s
  Mejor AUC (GridSearch): 0.9405

  Mejores hiperparametros encontrados:
           learning_rate = 0.01
               max_depth = 3
        min_samples_leaf = 2
            n_estimators = 500
               subsample = 0.7

  Resultados de Cross-Validation (5-Fold):
    Accuracy:  0.8710 +- 0.0357
    Precision: 0.7312 +- 0.0653
    Recall:    0.7923 +- 0.0713
    F1-Score:  0.7601 +- 0.0660
    ROC-AUC:   0.9405 +- 0.0224


======================================================================
PROGRESO: [CP2] [SMOTE]
  Completado: 5/5 modelos (100%)
  Tiempo transcurrido: 4.1 min
  Tiempo promedio/modelo: 48.7s
  Tiempo estimado restante: 0.0 min
  ETA: 12:50:26
======================================================================


----------------------------------------------------------------------
Checkpoint guardado: logs\CP2_smote_results.csv
  5 modelos registrados
  Mejor AUC: 0.9592
----------------------------------------------------------------------


======================================================================
CP2 - RONDA 3: CON SMOTEENN
======================================================================


----------------------------------------------------------------------
[CP2] Logistic Regression (L1-Lasso) | Balanceo: SMOTEENN
----------------------------------------------------------------------
Tamano de grid: 6 combinaciones x 5 folds = 30 ajustes
Datos: 504 muestras, 25 features
Distribucion de clases: {0: np.int64(374), 1: np.int64(130)}
Hora inicio: 12:50:26

Iniciando GridSearchCV...


OK Completado en 0.1s
  Mejor AUC (GridSearch): 0.9482

  Mejores hiperparametros encontrados:
                       C = 0.1

  Resultados de Cross-Validation (5-Fold):
    Accuracy:  0.7917 +- 0.0188
    Precision: 0.5563 +- 0.0215
    Recall:    0.9538 +- 0.0449
    F1-Score:  0.7025 +- 0.0260
    ROC-AUC:   0.9482 +- 0.0186


======================================================================
PROGRESO: [CP2] [SMOTEENN]
  Completado: 1/5 modelos (20%)
  Tiempo transcurrido: 0.0 min
  Tiempo promedio/modelo: 0.3s
  Tiempo estimado restante: 0.0 min
  ETA: 12:50:28
======================================================================


----------------------------------------------------------------------
[CP2] Logistic Regression (L2-Ridge) | Balanceo: SMOTEENN
----------------------------------------------------------------------
Tamano de grid: 6 combinaciones x 5 folds = 30 ajustes
Datos: 504 muestras, 25 features
Distribucion de clases: {0: np.int64(374), 1: np.int64(130)}
Hora inicio: 12:50:27

Iniciando GridSearchCV...


OK Completado en 0.1s
  Mejor AUC (GridSearch): 0.9455

  Mejores hiperparametros encontrados:
                       C = 1

  Resultados de Cross-Validation (5-Fold):
    Accuracy:  0.8353 +- 0.0385
    Precision: 0.6267 +- 0.0586
    Recall:    0.9154 +- 0.0510
    F1-Score:  0.7429 +- 0.0524
    ROC-AUC:   0.9455 +- 0.0232


======================================================================
PROGRESO: [CP2] [SMOTEENN]
  Completado: 2/5 modelos (40%)
  Tiempo transcurrido: 0.0 min
  Tiempo promedio/modelo: 0.3s
  Tiempo estimado restante: 0.0 min
  ETA: 12:50:28
======================================================================


----------------------------------------------------------------------
[CP2] Decision Tree | Balanceo: SMOTEENN
----------------------------------------------------------------------
Tamano de grid: 180 combinaciones x 5 folds = 900 ajustes
Datos: 504 muestras, 25 features
Distribucion de clases: {0: np.int64(374), 1: np.int64(130)}
Hora inicio: 12:50:27

Iniciando GridSearchCV...


OK Completado en 1.7s
  Mejor AUC (GridSearch): 0.8522

  Mejores hiperparametros encontrados:
               ccp_alpha = 0.0
               criterion = entropy
               max_depth = 3
        min_samples_leaf = 10
       min_samples_split = 5

  Resultados de Cross-Validation (5-Fold):
    Accuracy:  0.7857 +- 0.0390
    Precision: 0.5580 +- 0.0496
    Recall:    0.8615 +- 0.0792
    F1-Score:  0.6753 +- 0.0484
    ROC-AUC:   0.8522 +- 0.0482


======================================================================
PROGRESO: [CP2] [SMOTEENN]
  Completado: 3/5 modelos (60%)
  Tiempo transcurrido: 0.0 min
  Tiempo promedio/modelo: 0.8s
  Tiempo estimado restante: 0.0 min
  ETA: 12:50:31
======================================================================


----------------------------------------------------------------------
[CP2] Random Forest | Balanceo: SMOTEENN
----------------------------------------------------------------------
Tamano de grid: 72 combinaciones x 5 folds = 360 ajustes
Datos: 504 muestras, 25 features
Distribucion de clases: {0: np.int64(374), 1: np.int64(130)}
Hora inicio: 12:50:29

Iniciando GridSearchCV...


OK Completado en 86.9s
  Mejor AUC (GridSearch): 0.9345

  Mejores hiperparametros encontrados:
               max_depth = 10
            max_features = sqrt
        min_samples_leaf = 5
       min_samples_split = 5
            n_estimators = 500

  Resultados de Cross-Validation (5-Fold):
    Accuracy:  0.8254 +- 0.0271
    Precision: 0.6171 +- 0.0493
    Recall:    0.8769 +- 0.0510
    F1-Score:  0.7224 +- 0.0337
    ROC-AUC:   0.9345 +- 0.0256


======================================================================
PROGRESO: [CP2] [SMOTEENN]
  Completado: 4/5 modelos (80%)
  Tiempo transcurrido: 1.6 min
  Tiempo promedio/modelo: 24.3s
  Tiempo estimado restante: 0.4 min
  ETA: 12:52:28
======================================================================


----------------------------------------------------------------------
[CP2] Gradient Boosting | Balanceo: SMOTEENN
----------------------------------------------------------------------
Tamano de grid: 162 combinaciones x 5 folds = 810 ajustes
Datos: 504 muestras, 25 features
Distribucion de clases: {0: np.int64(374), 1: np.int64(130)}
Hora inicio: 12:52:03

Iniciando GridSearchCV...


OK Completado en 374.9s
  Mejor AUC (GridSearch): 0.9362

  Mejores hiperparametros encontrados:
           learning_rate = 0.05
               max_depth = 3
        min_samples_leaf = 2
            n_estimators = 300
               subsample = 0.7

  Resultados de Cross-Validation (5-Fold):
    Accuracy:  0.8452 +- 0.0356
    Precision: 0.6502 +- 0.0521
    Recall:    0.8692 +- 0.0713
    F1-Score:  0.7435 +- 0.0575
    ROC-AUC:   0.9362 +- 0.0276


======================================================================
PROGRESO: [CP2] [SMOTEENN]
  Completado: 5/5 modelos (100%)
  Tiempo transcurrido: 8.0 min
  Tiempo promedio/modelo: 96.1s
  Tiempo estimado restante: 0.0 min
  ETA: 12:58:27
======================================================================


----------------------------------------------------------------------
Checkpoint guardado: logs\CP2_smoteenn_results.csv
  5 modelos registrados
  Mejor AUC: 0.9482
----------------------------------------------------------------------


======================================================================
  TABLA COMPARATIVA FINAL - TODOS LOS EXPERIMENTOS
======================================================================

RESUMEN GLOBAL (ordenada por ROC-AUC descendente):

  [CP2] Logistic Regression (L1-Lasso)      | Balance: Ninguno    | AUC=0.9596+- 0.0195 | Recall=0.8000 | F1=0.8204
  [CP2] Logistic Regression (L1-Lasso)      | Balance: SMOTE      | AUC=0.9592+- 0.0193 | Recall=0.8615 | F1=0.8135
  [CP2] Logistic Regression (L2-Ridge)      | Balance: SMOTE      | AUC=0.9537+- 0.0217 | Recall=0.8385 | F1=0.7883
  [CP2] Logistic Regression (L2-Ridge)      | Balance: Ninguno    | AUC=0.9534+- 0.0212 | Recall=0.7692 | F1=0.7954
  [CP2] Logistic Regression (L1-Lasso)      | Balance: SMOTEENN   | AUC=0.9482+- 0.0186 | Recall=0.9538 | F1=0.7025
  [CP2] Logistic Regression (L2-Ridge)      | Balance: SMOTEENN   | AUC=0.9455+- 0.0232 | Recall=0.9154 | F1=0.7429
  [CP2] Random Forest                       | Balance: SMOTE      | AUC=0.9443+- 0.0286 | Recall=0.7769 | F1=0.7634
  [CP2] Random Forest                       | Balance: Ninguno    | AUC=0.9421+- 0.0298 | Recall=0.5308 | F1=0.6716
  [CP2] Gradient Boosting                   | Balance: SMOTE      | AUC=0.9405+- 0.0224 | Recall=0.7923 | F1=0.7601
  [CP2] Gradient Boosting                   | Balance: Ninguno    | AUC=0.9394+- 0.0215 | Recall=0.7154 | F1=0.7533
  [CP2] Gradient Boosting                   | Balance: SMOTEENN   | AUC=0.9362+- 0.0276 | Recall=0.8692 | F1=0.7435
  [CP2] Random Forest                       | Balance: SMOTEENN   | AUC=0.9345+- 0.0256 | Recall=0.8769 | F1=0.7224
  [CP2] Decision Tree                       | Balance: Ninguno    | AUC=0.8974+- 0.0399 | Recall=0.7769 | F1=0.7338
  [CP2] Decision Tree                       | Balance: SMOTE      | AUC=0.8784+- 0.0449 | Recall=0.8077 | F1=0.6899
  [CP1] Logistic Regression (L2-Ridge)      | Balance: SMOTE      | AUC=0.8602+- 0.0375 | Recall=0.7462 | F1=0.6279
  [CP1] Logistic Regression (L1-Lasso)      | Balance: SMOTE      | AUC=0.8593+- 0.0361 | Recall=0.7385 | F1=0.6238
  [CP1] Logistic Regression (L1-Lasso)      | Balance: Ninguno    | AUC=0.8585+- 0.0398 | Recall=0.5308 | F1=0.5978
  [CP1] Logistic Regression (L2-Ridge)      | Balance: Ninguno    | AUC=0.8579+- 0.0409 | Recall=0.5077 | F1=0.5810
  [CP1] Logistic Regression (L1-Lasso)      | Balance: SMOTEENN   | AUC=0.8564+- 0.0312 | Recall=0.8231 | F1=0.6161
  [CP1] Logistic Regression (L2-Ridge)      | Balance: SMOTEENN   | AUC=0.8555+- 0.0347 | Recall=0.8462 | F1=0.6360
  [CP2] Decision Tree                       | Balance: SMOTEENN   | AUC=0.8522+- 0.0482 | Recall=0.8615 | F1=0.6753
  [CP1] Gradient Boosting                   | Balance: Ninguno    | AUC=0.8394+- 0.0317 | Recall=0.4692 | F1=0.5484
  [CP1] Random Forest                       | Balance: Ninguno    | AUC=0.8373+- 0.0382 | Recall=0.3385 | F1=0.4480
  [CP1] Gradient Boosting                   | Balance: SMOTE      | AUC=0.8332+- 0.0428 | Recall=0.6615 | F1=0.6001
  [CP1] Random Forest                       | Balance: SMOTEENN   | AUC=0.8328+- 0.0494 | Recall=0.7615 | F1=0.5956
  [CP1] Random Forest                       | Balance: SMOTE      | AUC=0.8306+- 0.0400 | Recall=0.6615 | F1=0.5811
  [CP1] Gradient Boosting                   | Balance: SMOTEENN   | AUC=0.8305+- 0.0304 | Recall=0.7692 | F1=0.6047
  [CP1] Decision Tree                       | Balance: SMOTE      | AUC=0.8075+- 0.0425 | Recall=0.7692 | F1=0.5938
  [CP1] Decision Tree                       | Balance: Ninguno    | AUC=0.8047+- 0.0296 | Recall=0.2846 | F1=0.3787
  [CP1] Decision Tree                       | Balance: SMOTEENN   | AUC=0.8045+- 0.0716 | Recall=0.7692 | F1=0.5880

======================================================================

MEJOR MODELO CP1 (Semana 6 - Prediccion Temprana):
    Modelo:    Logistic Regression (L2-Ridge)
    Balanceo:  SMOTE
    ROC-AUC:   0.8602 +- 0.0375
    Recall:    0.7462 +- 0.0991
    Precision: 0.5451 +- 0.0704
    F1:        0.6279 +- 0.0739
    Parametros: {'clf__C': 1}

MEJOR MODELO CP2 (Semana 11 - Prediccion Intermedia):
    Modelo:    Logistic Regression (L1-Lasso)
    Balanceo:  Ninguno
    ROC-AUC:   0.9596 +- 0.0195
    Recall:    0.8000 +- 0.0288
    Precision: 0.8443 +- 0.0760
    F1:        0.8204 +- 0.0478
    Parametros: {'clf__C': 1}

Grafico guardado: comparativa_final_auc.png
