[2026-03-07 10:41:38] [INFO    ] Log file: logs\notebook06_execution_20260307_104138.log
[2026-03-07 10:41:38] [INFO    ] Metrics file: logs\notebook06_metrics_20260307_104138.json
[2026-03-07 10:47:45] [INFO    ] ======================================================================
[2026-03-07 10:47:45] [INFO    ]   CARGA DE DATOS
[2026-03-07 10:47:45] [INFO    ] ======================================================================

[2026-03-07 10:47:45] [INFO    ] Dataset cargado: 764 filas × 77 columnas
[2026-03-07 10:47:45] [INFO    ] 
Distribución de estados:
[2026-03-07 10:47:45] [INFO    ]       APROBÓ: 413 ( 54.1%)
[2026-03-07 10:47:45] [INFO    ]     RETIRADO: 164 ( 21.5%)
[2026-03-07 10:47:45] [INFO    ]      REPROBÓ: 141 ( 18.5%)
[2026-03-07 10:47:45] [INFO    ]     SIN_NOTA:  46 (  6.0%)
[2026-03-07 10:47:45] [INFO    ] Estudiantes activos (APROBÓ + REPROBÓ): 554
[2026-03-07 10:47:45] [INFO    ]   APROBÓ:  413 (74.5%)
[2026-03-07 10:47:45] [INFO    ]   REPROBÓ: 141 (25.5%)
[2026-03-07 10:47:45] [INFO    ] 
Desbalance: ratio APROBÓ/REPROBÓ = 2.93:1
[2026-03-07 10:47:45] [INFO    ]   (Aproximadamente 3:1, típico en educación)
[2026-03-07 10:59:06] [INFO    ] Log file: logs\notebook06_execution_20260307_105906.log
[2026-03-07 10:59:06] [INFO    ] Metrics file: logs\notebook06_metrics_20260307_105906.json
[2026-03-07 11:25:29] [INFO    ] Log file: logs\notebook06_execution_20260307_112529.log
[2026-03-07 11:25:29] [INFO    ] Metrics file: logs\notebook06_metrics_20260307_112529.json
[2026-03-07 11:25:37] [INFO    ] Log file: logs\notebook06_execution_20260307_112537.log
[2026-03-07 11:25:37] [INFO    ] Metrics file: logs\notebook06_metrics_20260307_112537.json
[2026-03-07 11:27:20] [INFO    ] Log file: logs\notebook06_execution_20260307_112720.log
[2026-03-07 11:27:20] [INFO    ] Metrics file: logs\notebook06_metrics_20260307_112720.json
